******************************************************************************
                  TI ARM Linker PC v20.2.5                     
******************************************************************************
>> Linked Fri Dec 10 14:30:24 2021

OUTPUT FILE NAME:   <httpget_CC3220S_LAUNCHXL_tirtos_ccs.out>
ENTRY POINT SYMBOL: "_c_int00"  address: 200145f1


MEMORY CONFIGURATION

         name            origin    length      used     unused   attr    fill
----------------------  --------  ---------  --------  --------  ----  --------
  SRAM0                 20000000   00004000  0000070c  000038f4  RW X
  SRAM                  20004000   0003c000  0001e1ac  0001de54  RW X
  LOG_DATA              90000000   00040000  00000000  00040000  R   


SEGMENT ALLOCATION MAP

run origin  load origin   length   init length attrs members
----------  ----------- ---------- ----------- ----- -------
20000000    20000000    0000030c   00000000    rw-
  20000000    20000000    0000030c   00000000    rw- .vecs
20003c00    20003c00    00000400   00000000    rw-
  20003c00    20003c00    00000400   00000000    rw- .stack
20004000    20004000    0001b080   0001307a    r-x
  20004000    20004000    0000030c   0000030c    r-- .resetVecs
  20004310    20004310    00012d6a   00012d6a    r-x .text
  20017080    20017080    00008000   00000000    r-- .priheap
2001f400    2001f400    000015ab   00000000    rw-
  2001f400    2001f400    000015ab   00000000    rw- .bss
200209ac    200209ac    00000e37   00000e37    r--
  200209ac    200209ac    00000e37   00000e37    r-- .const
200217e4    200217e4    00000984   00000000    rw-
  200217e4    200217e4    00000984   00000000    rw- .data
20022168    20022168    000003d0   000003d0    r--
  20022168    20022168    000003d0   000003d0    r-- .cinit


SECTION ALLOCATION MAP

 output                                  attributes/
section   page    origin      length       input sections
--------  ----  ----------  ----------   ----------------
.resetVecs 
*          0    20004000    0000030c     
                  20004000    0000030c     release_pem4.oem4 (.resetVecs)

.text      0    20004310    00012d6a     
                  20004310    00000a4e     rtsv7M4_T_le_eabi.lib : _printfi.c.obj (.text:__TI_printfi)
                  20004d5e    00000002     ti_drivers_config.obj (.text:Board_initHook)
                  20004d60    000008e8     simplelink.a : driver.obj (.text:_SlDrvMsgRead)
                  20005648    000004bc                  : sl_socket.obj (.text:_SlSocketHandleAsync_Select)
                  20005b04    00000004     dpl_cc32xx.a : ClockP_tirtos.oem4 (.text:ClockP_getCpuFreq)
                  20005b08    00000468     sysbios.aem4 : BIOS.obj (.text:xdc_runtime_System_doPrint__I)
                  20005f70    0000042c     driverlib.a : prcm.obj (.text:PRCMCC3200MCUInit)
                  2000639c    0000040c     httpclient_release.a : httpclient.oem4 (.text:sendRequest)
                  200067a8    00000384     simplelink.a : driver.obj (.text:_SlDrvMsgWrite)
                  20006b2c    00000324     httpget.obj (.text:httpTask)
                  20006e50    0000031c     simplelink.a : driver.obj (.text:_SlDrvReleasePoolObj)
                  2000716c    000002e0                  : driver.obj (.text:_SlDrvWaitForPoolObj)
                  2000744c    000002d8                  : driver.obj (.text:_SlDrvRxHdrRead)
                  20007724    000002ac                  : sl_socket.obj (.text:sl_Select)
                  200079d0    00000284                  : wlan.obj (.text:sl_WlanConnect)
                  20007c54    0000027c     platform.obj (.text:mainThread)
                  20007ed0    00000268     rtsv7M4_T_le_eabi.lib : _printfi.c.obj (.text:_pconv_a)
                  20008138    0000025c     simplelink.a : driver.obj (.text:_SlDrvDataReadOp)
                  20008394    00000244     httpclient_release.a : httpclient.oem4 (.text:manageResponseHeaders)
                  200085d8    00000224     simplelink.a : driver.obj (.text:_SlDrvDriverCBInit)
                  200087fc    00000218                  : driver.obj (.text:_SlDrvDataWriteOp)
                  20008a14    0000020c     drivers_cc32xx.a : UARTCC32XXDMA.oem4 (.text:UARTCC32XXDMA_open)
                  20008c20    000001fc     httpclient_release.a : httpclient.oem4 (.text:SlNetSock_connectURI)
                  20008e1c    000001f4     simplelink.a : driver.obj (.text:_SlDrvMsgReadCmdCtx)
                  20009010    000001f2                  : netapp.obj (.text:_SlNetAppEventHandler)
                  20009202    00000002     display_cc32xx.a : DisplayUart.oem4 (.text:DisplayUartMin_clear)
                  20009204    000001e8     simplelink.a : netapp.obj (.text:sl_NetAppPing)
                  200093ec    000001e0     httpclient_release.a : httpclient.oem4 (.text:HTTPClient_connect2)
                  200095cc    000001e0     simplelink.a : device.obj (.text:sl_Stop)
                  200097ac    000001d0     drivers_cc32xx.a : SPICC32XXDMA.oem4 (.text:SPICC32XXDMA_transfer)
                  2000997c    000001cc     rtsv7M4_T_le_eabi.lib : _printfi.c.obj (.text:_pconv_g)
                  20009b48    000001b8     drivers_cc32xx.a : SPICC32XXDMA.oem4 (.text:configDMA)
                  20009d00    000001b6     rtsv7M4_T_le_eabi.lib : fd_add_t2.asm.obj (.text)
                  20009eb6    00000002     display_cc32xx.a : DisplayUart.oem4 (.text:DisplayUartMin_clearLines)
                  20009eb8    000001b4     simplelink.a : driver.obj (.text:_SlDrvReleaseAllActivePendingPoolObj)
                  2000a06c    000001a8                  : sl_socket.obj (.text:sl_Accept)
                  2000a214    00000194     httpclient_release.a : httpclient.oem4 (.text:redirect)
                  2000a3a8    00000190     simplelink.a : sl_socket.obj (.text:_SlDrvRegisterForSelectAsync)
                  2000a538    00000184                  : driver.obj (.text:_SlDrvFindAndSetActiveObj)
                  2000a6bc    00000180     platform.obj (.text:SimpleLinkNetAppEventHandler)
                  2000a83c    00000180     release_pem4.oem4 (.text:xdc_runtime_System_printfExtend__I)
                  2000a9bc    00000178     simplelink.a : sl_socket.obj (.text:sl_Connect)
                  2000ab34    00000177     httpclient_release.a : httpclient.oem4 (.text:readResponseHeader)
                  2000acab    00000001     --HOLE-- [fill = 0]
                  2000acac    00000170     simplelink.a : netapp.obj (.text:sl_NetAppDnsGetHostByName)
                  2000ae1c    0000015c     dpl_cc32xx.a : PowerCC32XX_tirtos.oem4 (.text:PowerCC32XX_sleepPolicy)
                  2000af78    00000158     drivers_cc32xx.a : SPICC32XXDMA.oem4 (.text:SPICC32XXDMA_open)
                  2000b0d0    00000154                      : GPIOCC32XX.oem4 (.text:GPIO_setConfig)
                  2000b224    00000154     simplelink.a : sl_socket.obj (.text:sl_RecvFrom)
                  2000b378    00000148                  : sl_socket.obj (.text:_SlDrvGetNextTimeoutValue)
                  2000b4c0    00000148     drivers_cc32xx.a : PowerCC32XX.oem4 (.text:parkPins)
                  2000b608    00000148     httpclient_release.a : httpclient.oem4 (.text:parseURI)
                  2000b750    00000148     simplelink.a : sl_socket.obj (.text:sl_StartTLS)
                  2000b898    00000140                  : driver.obj (.text:_SlDrvMsgReadSpawnCtx)
                  2000b9d8    0000013c     rtsv7M4_T_le_eabi.lib : _printfi.c.obj (.text:_pconv_e)
                  2000bb14    00000138     drivers_cc32xx.a : PowerCC32XX.oem4 (.text:Power_sleep)
                  2000bc4c    00000138     simplelink.a : driver.obj (.text:_SlSpawnMsgListInsert)
                  2000bd84    00000136     rtsv7M4_T_le_eabi.lib : fd_div_t2.asm.obj (.text)
                  2000beba    00000002     display_cc32xx.a : DisplayUart.oem4 (.text:DisplayUartMin_init)
                  2000bebc    00000134     simplelink.a : sl_socket.obj (.text:_SlSocketHandleAsync_StartTLS)
                  2000bff0    00000130                  : driver.obj (.text:_SlDrvDriverCBDeinit)
                  2000c120    00000130     sysbios.aem4 : BIOS.obj (.text:ti_sysbios_knl_Semaphore_pend__E)
                  2000c250    00000128     simplelink.a : driver.obj (.text:_SlDrvClassifyRxMsg)
                  2000c378    00000124                  : fs.obj (.text:sl_FsOpen)
                  2000c49c    00000121     httpclient_release.a : httpclient.oem4 (.text:getChunkedData)
                  2000c5bd    00000001     --HOLE-- [fill = 0]
                  2000c5be    00000002     drivers_cc32xx.a : UARTCC32XXDMA.oem4 (.text:UARTCC32XXDMA_init)
                  2000c5c0    00000120     simplelink.a : driver.obj (.text:_SlDrvAsyncEventGenericHandler)
                  2000c6e0    00000120     rtsv7M4_T_le_eabi.lib : _printfi.c.obj (.text:fcvt)
                  2000c800    00000120     sysbios.aem4 : BIOS.obj (.text:xdc_runtime_Startup_startMods__I)
                  2000c920    0000011c     simplelink.a : device.obj (.text:sl_Start)
                  2000ca3c    00000118                  : netapp.obj (.text:_SlNetAppHandleAsync_DnsGetHostByService)
                  2000cb54    00000110     rtsv7M4_T_le_eabi.lib : strtoul.c.obj (.text:strtoul)
                  2000cc64    00000004     dpl_cc32xx.a : ClockP_tirtos.oem4 (.text:ClockP_setTimeout)
                  2000cc68    00000110     sysbios.aem4 : BIOS.obj (.text:ti_sysbios_knl_Task_postInit__I)
                  2000cd78    00000108     httpclient_release.a : httpclient.oem4 (.text:HTTPClient_setHeader)
                  2000ce80    00000108     slnetsock_release.a : slnetutils.oem4 (.text:SlNetUtil_str2BinIpV6)
                  2000cf88    00000104     simplelink.a : device.obj (.text:_SlDeviceEventHandler)
                  2000d08c    00000104                  : driver.obj (.text:_SlDrvCmdOp)
                  2000d190    00000104     sysbios.aem4 : BIOS.obj (.text:ti_sysbios_knl_Task_Instance_finalize__E)
                  2000d294    00000100     simplelink.a : driver.obj (.text:_SlDrvObjGlobalLockWaitForever)
                  2000d394    00000100                  : fs.obj (.text:sl_FsWrite)
                  2000d494    000000fc     rtsv7M4_T_le_eabi.lib : fd_mul_t2.asm.obj (.text)
                  2000d590    000000f8     slnetifwifi.a : slnetifwifi.obj (.text:SlNetIfWifi_loadSecObj)
                  2000d688    000000f8     drivers_cc32xx.a : UARTCC32XXDMA.oem4 (.text:UARTCC32XXDMA_close)
                  2000d780    000000f8     simplelink.a : sl_socket.obj (.text:sl_Close)
                  2000d878    000000f4     httpclient_release.a : httpclient.oem4 (.text:httpProxyTunnel)
                  2000d96c    000000f4     simplelink.a : sl_socket.obj (.text:sl_SendTo)
                  2000da60    000000f2     drivers_cc32xx.a : SPICC32XXDMA.oem4 (.text:SPICC32XXDMA_transferCancel)
                  2000db52    00000006     display_cc32xx.a : DisplayUart.oem4 (.text:DisplayUartMin_control)
                  2000db58    000000f0     sysbios.aem4 : BIOS.obj (.text:pthread_create)
                  2000dc48    000000e8     drivers_cc32xx.a : UARTCC32XXDMA.oem4 (.text:initHw)
                  2000dd30    000000e8     sysbios.aem4 : BIOS.obj (.text:ti_sysbios_knl_Task_Instance_init__E)
                  2000de18    000000e4     slnetsock_release.a : slnetif.oem4 (.text:SlNetIf_add)
                  2000defc    00000004     dpl_cc32xx.a : ClockP_tirtos.oem4 (.text:ClockP_start)
                  2000df00    000000e4     sysbios.aem4 : BIOS.obj (.text:clock_gettime)
                  2000dfe4    000000e0     httpclient_release.a : httpclient.oem4 (.text:sprsend)
                  2000e0c4    000000d8     drivers_cc32xx.a : SPICC32XXDMA.oem4 (.text:SPICC32XXDMA_close)
                  2000e19c    000000d8     simplelink.a : device.obj (.text:_SlDeviceHandleAsync_InitComplete)
                  2000e274    000000d8                  : driver.obj (.text:_SlDrvWaitForInternalAsyncEvent)
                  2000e34c    000000d8                  : netapp.obj (.text:_SlNetAppHandleAsync_NetAppReceive)
                  2000e424    000000d4     httpclient_release.a : httpclient.oem4 (.text:HTTPClient_connect)
                  2000e4f8    000000d4     sysbios.aem4 : BIOS.obj (.text:ti_sysbios_heaps_HeapMem_alloc__E)
                  2000e5cc    000000d0     platform.obj (.text:Connect)
                  2000e69c    000000d0     simplelink.a : driver.obj (.text:_SlDrvRemoveFromList)
                  2000e76c    000000d0     httpclient_release.a : httpclient.oem4 (.text:getStatus)
                  2000e83c    000000d0     rtsv7M4_T_le_eabi.lib : s_scalbn.c.obj (.text:scalbn)
                  2000e90c    000000cc     sysbios.aem4 : m3_Hwi_asm.obj (.text:ti_sysbios_family_arm_m3_Hwi_dispatch__I)
                  2000e9d8    000000c8     drivers_cc32xx.a : SPICC32XXDMA.oem4 (.text:spiHwiFxn)
                  2000eaa0    000000c4     sysbios.aem4 : BIOS.obj (.text:ti_sysbios_knl_Task_sleep__E)
                  2000eb64    000000c0     simplelink.a : cc_pal.obj (.text:NwpPowerOff)
                  2000ec24    000000c0     httpclient_release.a : httpclient.oem4 (.text:resHeaderFieldHandler)
                  2000ece4    000000c0     drivers_cc32xx.a : PowerCC32XX.oem4 (.text:restoreParkedPins)
                  2000eda4    000000c0     simplelink.a : netcfg.obj (.text:sl_NetCfgGet)
                  2000ee64    000000bc     platform.obj (.text:DisplayBanner)
                  2000ef20    000000bc     simplelink.a : netapp.obj (.text:_SlNetAppSendResponse)
                  2000efdc    000000bc                  : sl_socket.obj (.text:sl_Send)
                  2000f098    000000bc     sysbios.aem4 : BIOS.obj (.text:xdc_runtime_Core_createObject__I)
                  2000f154    000000b8     httpclient_release.a : httpclient.oem4 (.text:HTTPClient_readResponseBody)
                  2000f20c    000000b8     drivers_cc32xx.a : UARTCC32XXDMA.oem4 (.text:UARTCC32XXDMA_configDMA)
                  2000f2c4    000000b8     simplelink.a : netapp.obj (.text:_SlNetAppHandleAsync_DnsGetHostByName)
                  2000f37c    000000b8                  : netapp.obj (.text:_SlNetAppHandleAsync_PingResponse)
                  2000f434    000000b8                  : wlan.obj (.text:sl_WlanGet)
                  2000f4ec    00000004     dpl_cc32xx.a : ClockP_tirtos.oem4 (.text:ClockP_stop)
                  2000f4f0    000000b8     sysbios.aem4 : BIOS.obj (.text:ti_sysbios_family_arm_m3_Hwi_Instance_init__E)
                  2000f5a8    000000b4     drivers_cc32xx.a : UARTCC32XXDMA.oem4 (.text:UARTCC32XXDMA_hwiIntFxn)
                  2000f65c    000000b4     simplelink.a : driver.obj (.text:_SlDrvHandleFatalError)
                  2000f710    000000b4                  : netutil.obj (.text:_SlNetUtilHandleAsync_Cmd)
                  2000f7c4    000000b4                  : sl_socket.obj (.text:sl_GetSockOpt)
                  2000f878    000000b2     slnetifwifi.a : slnetifwifi.obj (.text:matchModeByRole)
                  2000f92a    00000002     rtsv7M4_T_le_eabi.lib : _lock.c.obj (.text:_nop)
                  2000f92c    000000b1                           : _printfi.c.obj (.text:_ltostr)
                  2000f9dd    00000001     --HOLE-- [fill = 0]
                  2000f9de    00000002                           : div0.asm.obj (.text)
                  2000f9e0    000000b0     slnetifwifi.a : slnetifwifi.obj (.text:SlNetIfWifi_getSockOpt)
                  2000fa90    000000ac     simplelink.a : sl_socket.obj (.text:_SlSocketHandleAsync_Close)
                  2000fb3c    000000ac                  : sl_socket.obj (.text:_SlSocketHandleAsync_Connect)
                  2000fbe8    000000ac     httpclient_release.a : httpclient.oem4 (.text:sendReqHeaders)
                  2000fc94    000000a8     driverlib.a : prcm.obj (.text:PRCMPeripheralClockGet)
                  2000fd3c    000000a8     drivers_cc32xx.a : PowerCC32XX.oem4 (.text:PowerCC32XX_configureWakeup)
                  2000fde4    000000a8     simplelink.a : fs.obj (.text:sl_FsClose)
                  2000fe8c    000000a6                  : driver.obj (.text:_SlDrvIsTimeoutExpired)
                  2000ff32    00000002     release_pem4.oem4 (.text:ti_sysbios_BIOS_nullFunc__I)
                  2000ff34    000000a4     simplelink.a : sl_socket.obj (.text:sl_Bind)
                  2000ffd8    000000a4     sysbios.aem4 : BIOS.obj (.text:ti_sysbios_knl_Task_setPri__E)
                  2001007c    000000a0     simplelink.a : fs.obj (.text:FsGetCreateFsMode)
                  2001011c    000000a0                  : sl_socket.obj (.text:_SlDrvUnRegisterForSelectAsync)
                  200101bc    000000a0                  : driver.obj (.text:_SlSpawnMsgListProcess)
                  2001025c    000000a0     auto_init.aem4 : auto_init.oem4 (.text)
                  200102fc    0000009e     simplelink.a : cc_pal.obj (.text:spi_Read)
                  2001039a    0000009e                  : cc_pal.obj (.text:spi_Write)
                  20010438    0000009c     sysbios.aem4 : BIOS.obj (.text:_pthread_removeThreadKeys)
                  200104d4    0000009c     rtsv7M4_T_le_eabi.lib : memcpy_t2.asm.obj (.text)
                  20010570    00000098     httpclient_release.a : httpclient.oem4 (.text:HTTPClient_sendRequest)
                  20010608    00000096     rtsv7M4_T_le_eabi.lib : ull_div_t2.asm.obj (.text)
                  2001069e    00000002     release_pem4.oem4 (.text:xdc_runtime_Startup_reset__I)
                  200106a0    00000094     simplelink.a : cc_pal.obj (.text:Semaphore_pend_handle)
                  20010734    00000094     drivers_cc32xx.a : SPICC32XXDMA.oem4 (.text:initHw)
                  200107c8    00000094     httpclient_release.a : httpclient.oem4 (.text:locationParser)
                  2001085c    00000004     dpl_cc32xx.a : HwiP_tirtos.oem4 (.text:HwiP_clearInterrupt)
                  20010860    00000094     sysbios.aem4 : BIOS.obj (.text:ti_sysbios_knl_Task_exit__E)
                  200108f4    00000092     slnetsock_release.a : slnetsock.oem4 (.text:SlNetSock_create)
                  20010986    00000002     --HOLE-- [fill = 0]
                  20010988    00000090     drivers_cc32xx.a : GPIOCC32XX.oem4 (.text:GPIO_init)
                  20010a18    00000090     slnetsock_release.a : slnetsock.oem4 (.text:SlNetSock_getVirtualSdConf)
                  20010aa8    00000090     simplelink.a : device.obj (.text:_SlDeviceHandleAsync_Stop)
                  20010b38    00000090                  : sl_socket.obj (.text:_SlSocketHandleAsync_Accept)
                  20010bc8    00000090     httpclient_release.a : httpclient.oem4 (.text:createSecAttribs)
                  20010c58    00000090     drivers_cc32xx.a : PowerCC32XX.oem4 (.text:restoreNVICRegs)
                  20010ce8    00000090     sysbios.aem4 : BIOS.obj (.text:ti_sysbios_knl_Task_Module_startup__E)
                  20010d78    0000008c     drivers_cc32xx.a : UARTCC32XXDMA.oem4 (.text:UARTCC32XXDMA_write)
                  20010e04    0000008c     simplelink.a : driver.obj (.text:_SlDrvDriverIsApiAllowed)
                  20010e90    0000008c                  : driver.obj (.text:_SlDrvProtectAsyncRespSetting)
                  20010f1c    0000008c                  : sl_socket.obj (.text:sl_Recv)
                  20010fa8    0000008c     sysbios.aem4 : BIOS.obj (.text:xdc_runtime_Memory_alloc__E)
                  20011034    00000088     driverlib.a : pin.obj (.text:PinConfigSet)
                  200110bc    00000088     httpclient_release.a : httpclient.oem4 (.text:readLine)
                  20011144    00000088     simplelink.a : eventreg.obj (.text:sl_UnregisterLibsEventHandler)
                  200111cc    00000004     dpl_cc32xx.a : HwiP_tirtos.oem4 (.text:HwiP_disable)
                  200111d0    00000088     sysbios.aem4 : BIOS.obj (.text:ti_sysbios_family_arm_m3_Hwi_initNVIC__E)
                  20011258    00000088                  : BIOS.obj (.text:ti_sysbios_knl_Mailbox_post__E)
                  200112e0    00000086     rtsv7M4_T_le_eabi.lib : fd_cmp_t2.asm.obj (.text:__aeabi_cdcmple)
                  20011366    00000086                           : fd_cmp_t2.asm.obj (.text:__aeabi_cdrcmple)
                  200113ec    00000004     dpl_cc32xx.a : HwiP_tirtos.oem4 (.text:HwiP_disableInterrupt)
                  200113f0    00000086     sysbios.aem4 : BIOS.obj (.text:xdc_runtime_Core_constructObject__I)
                  20011476    00000002     --HOLE-- [fill = 0]
                  20011478    00000084     drivers_cc32xx.a : PowerCC32XX.oem4 (.text:Power_init)
                  200114fc    00000084     slnetifwifi.a : slnetifwifi.obj (.text:SlNetIfWifi_sockstartSec)
                  20011580    00000084     slnetsock_release.a : slnetutils.oem4 (.text:SlNetUtil_getHostByName)
                  20011604    00000084     drivers_cc32xx.a : PowerCC32XX.oem4 (.text:saveNVICRegs)
                  20011688    00000084     simplelink.a : sl_socket.obj (.text:sl_SetSockOpt)
                  2001170c    00000004     dpl_cc32xx.a : HwiP_tirtos.oem4 (.text:HwiP_enableInterrupt)
                  20011710    00000084     sysbios.aem4 : BIOS.obj (.text:ti_sysbios_family_arm_m3_Hwi_postInit__I)
                  20011794    00000004     drivers_cc32xx.a : SPICC32XXDMA.oem4 (.text:SPICC32XXDMA_init)
                  20011798    00000084     sysbios.aem4 : BIOS.obj (.text:ti_sysbios_heaps_HeapMem_free__E)
                  2001181c    00000080     drivers_cc32xx.a : PowerCC32XX.oem4 (.text:Power_setDependency)
                  2001189c    00000080     slnetifwifi.a : slwificonn.obj (.text:SignalEvent)
                  2001191c    00000080     drivers_cc32xx.a : UARTCC32XXDMA.oem4 (.text:UARTCC32XXDMA_read)
                  2001199c    00000004     dpl_cc32xx.a : SemaphoreP_tirtos.oem4 (.text:SemaphoreP_post)
                  200119a0    00000080     sysbios.aem4 : BIOS.obj (.text:ti_sysbios_knl_Clock_workFunc__E)
                  20011a20    0000007c     drivers_cc32xx.a : UDMACC32XX.oem4 (.text:UDMACC32XX_open)
                  20011a9c    00000004     slnetsock_release.a : slnetutils.oem4 (.text:SlNetUtil_init)
                  20011aa0    0000007c     sysbios.aem4 : BIOS.obj (.text:_pthread_abstime2ticks)
                  20011b1c    0000007a     drivers_cc32xx.a : UARTCC32XXDMA.oem4 (.text:UARTCC32XXDMA_readPolling)
                  20011b96    0000007a     rtsv7M4_T_le_eabi.lib : memset_t2.asm.obj (.text)
                  20011c10    00000078     simplelink.a : sl_socket.obj (.text:sl_Socket)
                  20011c88    00000075     sysbios.aem4 : BIOS.obj (.text:xdc_runtime_System_formatNum__I)
                  20011cfd    00000003     --HOLE-- [fill = 0]
                  20011d00    00000074     slnetsock_release.a : slnetsock.oem4 (.text:SlNetSock_AllocVirtualSocket)
                  20011d74    00000074     drivers_cc32xx.a : GPIOCC32XX.oem4 (.text:powerNotifyFxn)
                  20011de8    00000074     sysbios.aem4 : BIOS.obj (.text:xdc_runtime_Core_deleteObject__I)
                  20011e5c    00000070     httpclient_release.a : httpclient.oem4 (.text:HTTPClient_disconnect)
                  20011ecc    00000070     slnetsock_release.a : slnetsock.oem4 (.text:SlNetSock_secAttribSet)
                  20011f3c    00000070     simplelink.a : driver.obj (.text:_SlDrvCmdSend_noLock)
                  20011fac    00000004     dpl_cc32xx.a : SystemP_tirtos.oem4 (.text:SystemP_vsnprintf)
                  20011fb0    00000070     sysbios.aem4 : BIOS.obj (.text:acquireMutexNone$47)
                  20012020    00000070                  : BIOS.obj (.text:ti_sysbios_heaps_HeapMem_initPrimary__I)
                  20012090    0000006e     rtsv7M4_T_le_eabi.lib : _printfi.c.obj (.text:_mcpy)
                  200120fe    00000002     --HOLE-- [fill = 0]
                  20012100    0000006c     httpclient_release.a : httpclient.oem4 (.text:HTTPClient_getHeader)
                  2001216c    0000006c     slnetifwifi.a : slnetifwifi.obj (.text:SlNetIfWifi_ping)
                  200121d8    0000006c     slnetsock_release.a : slnetutils.oem4 (.text:SlNetUtil_str2BinIpV4)
                  20012244    0000006c     simplelink.a : device.obj (.text:_SlDeviceHandleResetRequestInternally)
                  200122b0    0000006c                  : sl_socket.obj (.text:_SlDrvOpenCtrlSocket)
                  2001231c    0000006c                  : netapp.obj (.text:_SlNetAppSendTokenValue)
                  20012388    0000006c     sysbios.aem4 : BIOS.obj (.text:ti_sysbios_knl_Swi_restoreHwi__E)
                  200123f4    00000068     simplelink.a : driver.obj (.text:_SlSpawnMsgListGetCount)
                  2001245c    00000068     rtsv7M4_T_le_eabi.lib : copy_decompress_lzss.c.obj (.text:decompress:lzss:__TI_decompress_lzss)
                  200124c4    00000068     main_tirtos.obj (.text:main)
                  2001252c    00000004     release_pem4.oem4 (.text:ti_sysbios_BIOS_RtsGateProxy_enter__E)
                  20012530    00000068     sysbios.aem4 : BIOS.obj (.text:pthread_exit)
                  20012598    00000068     simplelink.a : cc_pal.obj (.text:spi_Open)
                  20012600    00000068     sysbios.aem4 : BIOS.obj (.text:ti_sysbios_family_arm_cc32xx_Seconds_getTime__E)
                  20012668    00000064     drivers_cc32xx.a : GPIOCC32XX.oem4 (.text:GPIO_setInterruptConfig)
                  200126cc    00000064                      : PowerCC32XX.oem4 (.text:PowerCC32XX_setParkState)
                  20012730    00000064     sysbios.aem4 : BIOS.obj (.text:ti_sysbios_family_arm_m3_Hwi_dispatchC__I)
                  20012794    00000060     drivers_cc32xx.a : GPIOCC32XX.oem4 (.text:GPIO_hwiIntFxn)
                  200127f4    00000060     driverlib.a : prcm.obj (.text:PRCMSysResetCauseGet)
                  20012854    00000060     drivers_cc32xx.a : UARTCC32XXDMA.oem4 (.text:UARTCC32XXDMA_control)
                  200128b4    00000004     release_pem4.oem4 (.text:ti_sysbios_BIOS_RtsGateProxy_leave__E)
                  200128b8    00000060     sysbios.aem4 : BIOS.obj (.text:ti_sysbios_knl_Semaphore_post__E)
                  20012918    00000060                  : BIOS.obj (.text:ti_sysbios_knl_Swi_run__I)
                  20012978    0000005e     slnetifwifi.a : slnetifwifi.obj (.text:SlNetIfWifi_setSockOpt)
                  200129d6    00000002     --HOLE-- [fill = 0]
                  200129d8    0000005c     display_cc32xx.a : Display.oem4 (.text:Display_doOpen)
                  20012a34    0000005c     slnetifwifi.a : slwificonn.obj (.text:SlWifiConn_enable)
                  20012a90    0000005c     simplelink.a : spawn.obj (.text:_SlInternalSpawn)
                  20012aec    0000005c     rtsv7M4_T_le_eabi.lib : s_frexp.c.obj (.text:frexp)
                  20012b48    0000005c     httpclient_release.a : httpclient.oem4 (.text:readRawResponseBody)
                  20012ba4    00000004     release_pem4.oem4 (.text:ti_sysbios_family_arm_m3_Hwi_delete)
                  20012ba8    0000005c     sysbios.aem4 : BIOS.obj (.text:ti_sysbios_family_arm_m3_Timer_start__E)
                  20012c04    00000004     release_pem4.oem4 (.text:ti_sysbios_family_arm_m3_TaskSupport_Module__startupDone__S)
                  20012c08    0000005c     sysbios.aem4 : BIOS.obj (.text:ti_sysbios_knl_Swi_schedule__I)
                  20012c64    00000004     release_pem4.oem4 (.text:ti_sysbios_heaps_HeapMem_Module_GateProxy_enter__E)
                  20012c68    0000005c     sysbios.aem4 : BIOS.obj (.text:ti_sysbios_knl_Task_startCore__E)
                  20012cc4    00000004     release_pem4.oem4 (.text:ti_sysbios_heaps_HeapMem_Module_GateProxy_leave__E)
                  20012cc8    0000005c     sysbios.aem4 : BIOS.obj (.text:xdc_runtime_Startup_exec__E)
                  20012d24    00000058     driverlib.a : prcm.obj (.text:PRCMPeripheralReset)
                  20012d7c    00000058     drivers_cc32xx.a : PowerCC32XX.oem4 (.text:Power_releaseDependency)
                  20012dd4    00000058     slnetsock_release.a : slnetsock.oem4 (.text:SlNetSock_recv)
                  20012e2c    00000058                         : slnetsock.oem4 (.text:SlNetSock_send)
                  20012e84    00000058     simplelink.a : sl_socket.obj (.text:_SlDrvClearCtrlSocket)
                  20012edc    00000058                  : driver.obj (.text:_SlFindAndReleasePendingCmd)
                  20012f34    00000058                  : sl_socket.obj (.text:sl_Listen)
                  20012f8c    00000058                  : eventreg.obj (.text:sl_RegisterLibsEventHandler)
                  20012fe4    00000058     ti_net_config.obj (.text:ti_net_SlNet_initConfig)
                  2001303c    00000004     release_pem4.oem4 (.text:ti_sysbios_knl_Clock_TimerProxy_getMaxTicks__E)
                  20013040    00000058     sysbios.aem4 : BIOS.obj (.text:ti_sysbios_family_arm_cc32xx_Seconds_getCount__I)
                  20013098    00000056     rtsv7M4_T_le_eabi.lib : _printfi.c.obj (.text:_pconv_f)
                  200130ee    00000002     --HOLE-- [fill = 0]
                  200130f0    00000054     simplelink.a : driver.obj (.text:_SlDrvRxIrqHandler)
                  20013144    00000054     rtsv7M4_T_le_eabi.lib : _ltoa.c.obj (.text:__TI_ltoa)
                  20013198    00000054     httpclient_release.a : httpclient.oem4 (.text:resHeaderNameToHash)
                  200131ec    00000054     release_pem4.oem4 (.text:ti_sysbios_family_arm_m3_Hwi_create)
                  20013240    00000052     drivers_cc32xx.a : PowerCC32XX_asm.oem4 (.text:PowerCC32XX_resumeLPDS)
                  20013292    00000052     rtsv7M4_T_le_eabi.lib : _printfi.c.obj (.text:_ecpy)
                  200132e4    00000050     simplelink.a : cc_pal.obj (.text:NwpRegisterInterruptHandler)
                  20013334    00000050     slnetsock_release.a : slnetif.oem4 (.text:SlNetIf_queryIf)
                  20013384    00000050     drivers_cc32xx.a : UARTCC32XXDMA.oem4 (.text:UARTCC32XXDMA_writePolling)
                  200133d4    00000050     simplelink.a : sl_socket.obj (.text:_SlDrvCloseCtrlSocket)
                  20013424    00000050                  : driver.obj (.text:_SlDrvCmdSend_noWait)
                  20013474    00000050                  : driver.obj (.text:_SlDrvUpdateApiInProgress)
                  200134c4    00000050                  : spawn.obj (.text:_SlInternalSpawnTaskEntry)
                  20013514    00000050                  : eventreg.obj (.text:_SlNetAppHttpServerHdlr)
                  20013564    00000050                  : eventreg.obj (.text:_SlNetAppRequestHdlr)
                  200135b4    00000004     release_pem4.oem4 (.text:ti_sysbios_knl_Clock_TimerProxy_setPeriodMicroSecs__E)
                  200135b8    00000050     sysbios.aem4 : BIOS.obj (.text:mq_send)
                  20013608    00000050     httpclient_release.a : httpclient.oem4 (.text:removeRequestHeader)
                  20013658    00000050     sysbios.aem4 : BIOS.obj (.text:ti_sysbios_family_arm_m3_Hwi_Module_startup__E)
                  200136a8    00000050                  : BIOS.obj (.text:ti_sysbios_family_arm_m3_Timer_setPeriod__E)
                  200136f8    00000050     release_pem4.oem4 (.text:ti_sysbios_knl_Task_create)
                  20013748    0000004e     drivers_cc32xx.a : UARTCC32XXDMA.oem4 (.text:writeCancel)
                  20013796    00000002     --HOLE-- [fill = 0]
                  20013798    0000004c     simplelink.a : cc_pal.obj (.text:NwpWaitForShutDownInd)
                  200137e4    0000004c     drivers_cc32xx.a : PowerCC32XX.oem4 (.text:PowerCC32XX_parkPin)
                  20013830    0000004c     slnetifwifi.a : slnetifwifi.obj (.text:SlNetIfWifi_getConnectionStatus)
                  2001387c    0000004c                   : slnetifwifi.obj (.text:SlNetIfWifi_getIPAddr)
                  200138c8    0000004c     slnetsock_release.a : slnetsock.oem4 (.text:SlNetSock_freeVirtualSocket)
                  20013914    0000004c                         : slnetsock.oem4 (.text:SlNetSock_startSec)
                  20013960    0000004c     slnetifwifi.a : slwificonn.obj (.text:SlWifiConn_disable)
                  200139ac    0000004c     rtsv7M4_T_le_eabi.lib : atoi.c.obj (.text:atoi)
                  200139f8    0000004c                           : cpy_tbl.c.obj (.text:copy_in)
                  20013a44    0000004c     platform.obj (.text:printError)
                  20013a90    0000004c     drivers_cc32xx.a : PowerCC32XX.oem4 (.text:restorePeriphClocks)
                  20013adc    0000004c     simplelink.a : wlan.obj (.text:sl_WlanSetMode)
                  20013b28    0000004c     sysbios.aem4 : m3_TaskSupport_asm.obj (.text:ti_sysbios_family_arm_m3_TaskSupport_buildTaskStack)
                  20013b74    00000004     release_pem4.oem4 (.text:ti_sysbios_knl_Clock_TimerProxy_start__E)
                  20013b78    0000004c     sysbios.aem4 : BIOS.obj (.text:ti_sysbios_heaps_HeapMem_getStats__E)
                  20013bc4    00000004     release_pem4.oem4 (.text:ti_sysbios_knl_Clock_TimerProxy_stop__E)
                  20013bc8    0000004c     sysbios.aem4 : BIOS.obj (.text:ti_sysbios_knl_Swi_runLoop__I)
                  20013c14    00000004     release_pem4.oem4 (.text:ti_sysbios_knl_Clock_delete)
                  20013c18    0000004c     sysbios.aem4 : BIOS.obj (.text:ti_sysbios_knl_Task_allBlockedFunction__I)
                  20013c64    00000004     release_pem4.oem4 (.text:ti_sysbios_knl_Semaphore_delete)
                  20013c68    0000004c     sysbios.aem4 : BIOS.obj (.text:ti_sysbios_knl_Task_schedule__I)
                  20013cb4    0000004a     display_cc32xx.a : DisplayUart.oem4 (.text:DisplayUartMin_open)
                  20013cfe    0000004a     httpclient_release.a : httpclient.oem4 (.text:clearResponseValues)
                  20013d48    0000004a     drivers_cc32xx.a : UARTCC32XXDMA.oem4 (.text:readCancel)
                  20013d92    00000002     --HOLE-- [fill = 0]
                  20013d94    00000048     driverlib.a : flash.obj (.text:FlashDisable)
                  20013ddc    00000048     drivers_cc32xx.a : GPIOCC32XX.oem4 (.text:GPIO_disableInt)
                  20013e24    00000048                      : GPIOCC32XX.oem4 (.text:GPIO_enableInt)
                  20013e6c    00000048     driverlib.a : prcm.obj (.text:PRCMLPDSEnter)
                  20013eb4    00000048                 : prcm.obj (.text:PRCMPeripheralClkEnable)
                  20013efc    00000048     drivers_cc32xx.a : PowerCC32XX.oem4 (.text:Power_releaseConstraint)
                  20013f44    00000048     slnetsock_release.a : slnetsock.oem4 (.text:SlNetSock_connect)
                  20013f8c    00000048                         : slnetsock.oem4 (.text:SlNetSock_init)
                  20013fd4    00000048     simplelink.a : eventreg.obj (.text:_SlDeviceFatalErrorEvtHdlr)
                  2001401c    00000048                  : eventreg.obj (.text:_SlDeviceGeneralEvtHdlr)
                  20014064    00000048                  : driver.obj (.text:_SlDrvSyncObjWaitTimeout)
                  200140ac    00000048                  : eventreg.obj (.text:_SlNetAppEvtHdlr)
                  200140f4    00000048                  : eventreg.obj (.text:_SlNetAppRequestMemFree)
                  2001413c    00000048                  : eventreg.obj (.text:_SlSockEvtHdlr)
                  20014184    00000048                  : eventreg.obj (.text:_SlWlanEvtHdlr)
                  200141cc    00000004     release_pem4.oem4 (.text:ti_sysbios_knl_Task_delete)
                  200141d0    00000048     sysbios.aem4 : BIOS.obj (.text:pthread_mutex_init)
                  20014218    00000048     rtsv7M4_T_le_eabi.lib : fd_toi_t2.asm.obj (.text)
                  20014260    00000048     sysbios.aem4 : BIOS.obj (.text:ti_sysbios_family_arm_m3_Hwi_disableInterrupt__E)
                  200142a8    00000048                  : BIOS.obj (.text:ti_sysbios_family_arm_m3_Hwi_enableInterrupt__E)
                  200142f0    00000048                  : m3_Hwi_asm_switch.obj (.text:ti_sysbios_family_arm_m3_Hwi_initStacks__E)
                  20014338    00000048                  : BIOS.obj (.text:ti_sysbios_family_arm_m3_Timer_initDevice__I)
                  20014380    00000048                  : BIOS.obj (.text:ti_sysbios_knl_Mailbox_Module_startup__E)
                  200143c8    00000048                  : BIOS.obj (.text:xdc_runtime_Core_assignParams__I)
                  20014410    00000046     display_cc32xx.a : DisplayUart.oem4 (.text:DisplayUartMin_vprintf)
                  20014456    00000002     --HOLE-- [fill = 0]
                  20014458    00000044     httpclient_release.a : httpclient.oem4 (.text:HTTPClient_create)
                  2001449c    00000044     driverlib.a : prcm.obj (.text:PRCMLPDSRestoreInfoSet)
                  200144e0    00000044     drivers_cc32xx.a : PowerCC32XX_asm.oem4 (.text:PowerCC32XX_enterLPDS)
                  20014524    00000044                      : SPI.oem4 (.text:SPI_init)
                  20014568    00000044     slnetsock_release.a : slnetutils.oem4 (.text:SlNetUtil_strTok)
                  200145ac    00000044     drivers_cc32xx.a : UART.oem4 (.text:UART_init)
                  200145f0    00000044     boot.aem4 : boot.oem4 (.text)
                  20014634    00000044     rtsv7M4_T_le_eabi.lib : fd_tou_t2.asm.obj (.text)
                  20014678    00000044     sysbios.aem4 : BIOS.obj (.text:ti_sysbios_family_arm_m3_Hwi_getStackInfo__E)
                  200146bc    00000004     release_pem4.oem4 (.text:xdc_runtime_System_Module_GateProxy_enter__E)
                  200146c0    00000044     sysbios.aem4 : BIOS.obj (.text:ti_sysbios_knl_Mailbox_postInit__I)
                  20014704    00000004     release_pem4.oem4 (.text:xdc_runtime_System_Module_GateProxy_leave__E)
                  20014708    00000044     sysbios.aem4 : BIOS.obj (.text:ti_sysbios_knl_Swi_post__E)
                  2001474c    00000004     --HOLE-- [fill = 0]
                  20014750    00000044                  : BIOS.obj (.text:xdc_runtime_System_atexit__E)
                  20014794    00000042     httpclient_release.a : httpclient.oem4 (.text:initializeCB)
                  200147d6    00000002     --HOLE-- [fill = 0]
                  200147d8    00000040     dpl_cc32xx.a : ClockP_tirtos.oem4 (.text:ClockP_create)
                  20014818    00000040     simplelink.a : sl_socket.obj (.text:CountSetBits)
                  20014858    00000040     dpl_cc32xx.a : HwiP_tirtos.oem4 (.text:HwiP_create)
                  20014898    00000040     driverlib.a : pin.obj (.text:PinModeSet)
                  200148d8    00000040     drivers_cc32xx.a : SPI.oem4 (.text:SPI_open)
                  20014918    00000040     slnetsock_release.a : slnetif.oem4 (.text:SlNetIf_configCheck)
                  20014958    00000040     drivers_cc32xx.a : UART.oem4 (.text:UART_open)
                  20014998    00000040                      : UDMACC32XX.oem4 (.text:UDMACC32XX_init)
                  200149d8    00000040     simplelink.a : driver.obj (.text:_SlDrvGlobalObjUnLock)
                  20014a18    00000040                  : spawn.obj (.text:_SlInternalSpawnWaitForEvent)
                  20014a58    00000040                  : eventreg.obj (.text:_SlIsEventRegistered)
                  20014a98    00000040     httpclient_release.a : httpclient.oem4 (.text:clearReqHeaders)
                  20014ad8    00000040     rtsv7M4_T_le_eabi.lib : u_divt2.asm.obj (.text)
                  20014b18    00000040                           : sprintf.c.obj (.text:sprintf)
                  20014b58    00000040     sysbios.aem4 : BIOS.obj (.text:ti_sysbios_heaps_HeapMem_Instance_init__E)
                  20014b98    00000040                  : BIOS.obj (.text:ti_sysbios_knl_Clock_Instance_init__E)
                  20014bd8    00000040     rtsv7M4_T_le_eabi.lib : vsnprintf.c.obj (.text:vsnprintf)
                  20014c18    0000003e     slnetsock_release.a : slnetsock.oem4 (.text:SlNetSock_close)
                  20014c56    0000003e     simplelink.a : sl_socket.obj (.text:_SlSocketBuildAddress)
                  20014c94    0000003e     rtsv7M4_T_le_eabi.lib : _printfi.c.obj (.text:_fcpy)
                  20014cd2    00000006     display_cc32xx.a : DisplayUart.oem4 (.text:DisplayUartMin_getType)
                  20014cd8    0000003e     sysbios.aem4 : BIOS.obj (.text:sem_timedwait)
                  20014d16    00000002     --HOLE-- [fill = 0]
                  20014d18    0000003c     drivers_cc32xx.a : PowerCC32XX.oem4 (.text:Power_setConstraint)
                  20014d54    0000003c     dpl_cc32xx.a : SemaphoreP_tirtos.oem4 (.text:SemaphoreP_create)
                  20014d90    0000003c     simplelink.a : netapp.obj (.text:_SlNetAppCopyPingResultsToReport)
                  20014dcc    00000004     --HOLE-- [fill = 0]
                  20014dd0    0000003c     sysbios.aem4 : BIOS.obj (.text:pthread_mutex_unlock)
                  20014e0c    00000004     --HOLE-- [fill = 0]
                  20014e10    0000003c                  : BIOS.obj (.text:ti_sysbios_family_arm_m3_Hwi_Instance_finalize__E)
                  20014e4c    00000004     --HOLE-- [fill = 0]
                  20014e50    0000003c                  : BIOS.obj (.text:ti_sysbios_family_arm_m3_Timer_setPeriodMicroSecs__E)
                  20014e8c    0000003c     release_pem4.oem4 (.text:ti_sysbios_knl_Clock_create)
                  20014ec8    0000003c     sysbios.aem4 : BIOS.obj (.text:ti_sysbios_knl_Clock_walkQueuePeriodic__E)
                  20014f04    00000004     --HOLE-- [fill = 0]
                  20014f08    0000003c                  : BIOS.obj (.text:ti_sysbios_knl_Swi_restore__E)
                  20014f44    0000003c     simplelink.a : sl_socket.obj (.text:to_mSec)
                  20014f80    0000003c     sysbios.aem4 : BIOS.obj (.text:usleep)
                  20014fbc    00000004     --HOLE-- [fill = 0]
                  20014fc0    0000003c                  : BIOS.obj (.text:xdc_runtime_System_processAtExit__E)
                  20014ffc    0000003a     dpl_cc32xx.a : PowerCC32XX_tirtos.oem4 (.text:getCountsRTC)
                  20015036    0000003a     httpclient_release.a : httpclient.oem4 (.text:stringncasecmp)
                  20015070    00000038     driverlib.a : prcm.obj (.text:PRCMLPDSEnterKeepDebugIf)
                  200150a8    00000038     slnetifwifi.a : slnetifwifi.obj (.text:SlNetIfWifi_recvFrom)
                  200150e0    00000038                   : slnetifwifi.obj (.text:SlNetIfWifi_sendTo)
                  20015118    00000038                   : slnetifwifi.obj (.text:SlNetIfWifi_socket)
                  20015150    00000038     slnetsock_release.a : slnetutils.oem4 (.text:SlNetUtil_htonl)
                  20015188    00000038     drivers_cc32xx.a : PowerCC32XX.oem4 (.text:notify)
                  200151c0    00000038     rtsv7M4_T_le_eabi.lib : fs_tod_t2.asm.obj (.text)
                  200151f8    00000038     drivers_cc32xx.a : UARTCC32XXDMA.oem4 (.text:startTxFifoEmptyClk)
                  20015230    00000038     httpclient_release.a : httpclient.oem4 (.text:stringcasecmp)
                  20015268    00000038     sysbios.aem4 : BIOS.obj (.text:ti_sysbios_knl_Task_processVitalTaskFlag__I)
                  200152a0    00000036     slnetifwifi.a : slnetifwifi.obj (.text:SlNetIfWifi_getHostByName)
                  200152d6    00000036                   : slnetifwifi.obj (.text:SlNetIfWifi_select)
                  2001530c    00000036     rtsv7M4_T_le_eabi.lib : strncpy.c.obj (.text:strncpy)
                  20015342    00000034     httpclient_release.a : httpclient.oem4 (.text:HTTPClient_destroy)
                  20015376    00000002     --HOLE-- [fill = 0]
                  20015378    00000034     driverlib.a : pin.obj (.text:PinModeGet)
                  200153ac    00000034     drivers_cc32xx.a : PowerCC32XX.oem4 (.text:PowerCC32XX_restoreParkState)
                  200153e0    00000034     slnetifwifi.a : slnetifwifi.obj (.text:SlNetIfWifi_CreateContext)
                  20015414    00000034     slnetsock_release.a : slnetif.oem4 (.text:SlNetIf_init)
                  20015448    00000034                         : slnetutils.oem4 (.text:SlNetUtil_htons)
                  2001547c    00000034     drivers_cc32xx.a : UDMACC32XX.oem4 (.text:UDMACC32XX_close)
                  200154b0    00000034     rtsv7M4_T_le_eabi.lib : strstr.c.obj (.text:strstr)
                  200154e4    00000004     --HOLE-- [fill = 0]
                  200154e8    00000034     sysbios.aem4 : BIOS.obj (.text:ti_sysbios_family_arm_m3_Timer_periodicStub__I)
                  2001551c    00000034     release_pem4.oem4 (.text:ti_sysbios_knl_Semaphore_create)
                  20015550    00000034     drivers_cc32xx.a : UARTCC32XXDMA.oem4 (.text:writeFinishedDoCallback)
                  20015584    00000004     --HOLE-- [fill = 0]
                  20015588    00000032     sysbios.aem4 : BIOS.obj (.text:ti_sysbios_hal_Hwi_initStack)
                  200155ba    00000006     slnetifwifi.a : slwificonn.obj (.text:DummyPrintf)
                  200155c0    00000032     sysbios.aem4 : BIOS.obj (.text:xdc_runtime_System_putchar__I)
                  200155f2    00000030     drivers_cc32xx.a : PowerCC32XX.oem4 (.text:PowerCC32XX_restoreParkedPin)
                  20015622    00000030     simplelink.a : fs.obj (.text:_SlFsStrlen)
                  20015652    00000030     rtsv7M4_T_le_eabi.lib : vsnprintf.c.obj (.text:_outs)
                  20015682    00000006     drivers_cc32xx.a : SPICC32XXDMA.oem4 (.text:SPICC32XXDMA_control)
                  20015688    00000030     sysbios.aem4 : BIOS.obj (.text:getTime$21)
                  200156b8    00000030     release_pem4.oem4 (.text:ti_sysbios_BIOS_atExitFunc__I)
                  200156e8    00000030     release_pem4.oem4 (.text:ti_sysbios_BIOS_startFunc__I)
                  20015718    00000030     sysbios.aem4 : BIOS.obj (.text:ti_sysbios_family_arm_m3_TaskSupport_start__E)
                  20015748    00000030     release_pem4.oem4 (.text:ti_sysbios_gates_GateHwi_Object__create__S)
                  20015778    00000030     release_pem4.oem4 (.text:ti_sysbios_gates_GateMutex_Object__create__S)
                  200157a8    00000030     sysbios.aem4 : BIOS.obj (.text:ti_sysbios_gates_GateMutex_enter__E)
                  200157d8    00000030     release_pem4.oem4 (.text:ti_sysbios_heaps_HeapMem_Object__create__S)
                  20015808    00000030     release_pem4.oem4 (.text:ti_sysbios_knl_Semaphore_construct)
                  20015838    00000030     sysbios.aem4 : BIOS.obj (.text:ti_sysbios_knl_Semaphore_pendTimeout__I)
                  20015868    00000030                  : BIOS.obj (.text:ti_sysbios_knl_Task_restore__E)
                  20015898    00000030                  : BIOS.obj (.text:ti_sysbios_knl_Task_unblockI__E)
                  200158c8    00000030     release_pem4.oem4 (.text:ti_sysbios_rts_MemAlloc_alloc)
                  200158f8    0000002e     simplelink.a : cc_pal.obj (.text:Mutex_create_handle)
                  20015926    0000002e     rtsv7M4_T_le_eabi.lib : i_tofd_t2.asm.obj (.text)
                  20015954    0000002c     simplelink.a : cc_pal.obj (.text:NwpPowerOn)
                  20015980    0000002c     drivers_cc32xx.a : PowerCC32XX.oem4 (.text:PowerCC32XX_getParkState)
                  200159ac    0000002c     dpl_cc32xx.a : SemaphoreP_tirtos.oem4 (.text:SemaphoreP_createBinary)
                  200159d8    0000002c     slnetifwifi.a : slnetifwifi.obj (.text:SlNetIfWifi_recv)
                  20015a04    0000002c                   : slnetifwifi.obj (.text:SlNetIfWifi_send)
                  20015a30    0000002c     simplelink.a : driver.obj (.text:_SlDrvSyncObjWaitForever)
                  20015a5c    00000004     --HOLE-- [fill = 0]
                  20015a60    0000002c     sysbios.aem4 : BIOS.obj (.text:_pthread_cleanupFxn)
                  20015a8c    00000004     --HOLE-- [fill = 0]
                  20015a90    0000002c                  : BIOS.obj (.text:_pthread_delete$43)
                  20015abc    00000004     --HOLE-- [fill = 0]
                  20015ac0    0000002c                  : BIOS.obj (.text:clockFxn$41)
                  20015aec    0000002c     rtsv7M4_T_le_eabi.lib : strncmp.c.obj (.text:strncmp)
                  20015b18    0000002c     sysbios.aem4 : BIOS.obj (.text:ti_sysbios_family_arm_m3_TimestampProvider_Module_startup__E)
                  20015b44    0000002c     release_pem4.oem4 (.text:ti_sysbios_gates_GateHwi_Handle__label__S)
                  20015b70    0000002c     release_pem4.oem4 (.text:ti_sysbios_gates_GateMutex_Handle__label__S)
                  20015b9c    0000002c     release_pem4.oem4 (.text:ti_sysbios_heaps_HeapMem_Handle__label__S)
                  20015bc8    0000002c     release_pem4.oem4 (.text:ti_sysbios_knl_Clock_doTick__I)
                  20015bf4    0000002c     release_pem4.oem4 (.text:ti_sysbios_knl_Queue_construct)
                  20015c20    0000002a     display_cc32xx.a : Display.oem4 (.text:Display_doPrintf)
                  20015c4a    0000002a     slnetsock_release.a : slnetutils.oem4 (.text:SlNetUtil_inetPton)
                  20015c74    0000002a     drivers_cc32xx.a : UARTCC32XXDMA.oem4 (.text:UARTCC32XXDMA_readCancel)
                  20015c9e    0000002a                      : UARTCC32XXDMA.oem4 (.text:UARTCC32XXDMA_writeCancel)
                  20015cc8    0000002a     release_pem4.oem4 (.text:calloc)
                  20015cf2    0000002a     httpclient_release.a : httpclient.oem4 (.text:searchCustomResponseHeaderNode)
                  20015d1c    00000004     --HOLE-- [fill = 0]
                  20015d20    0000002a     sysbios.aem4 : BIOS.obj (.text:sem_init)
                  20015d4a    00000002     --HOLE-- [fill = 0]
                  20015d4c    00000028     display_cc32xx.a : Display.oem4 (.text:Display_doInit)
                  20015d74    00000028     driverlib.a : prcm.obj (.text:PRCMPeripheralClkDisable)
                  20015d9c    00000028     dpl_cc32xx.a : PowerCC32XX_tirtos.oem4 (.text:PowerCC32XX_initPolicy)
                  20015dc4    00000028     drivers_cc32xx.a : PowerCC32XX.oem4 (.text:Power_registerNotify)
                  20015dec    00000028     slnetsock_release.a : slnetif.oem4 (.text:SlNetIf_callback)
                  20015e14    00000028                         : slnetif.oem4 (.text:SlNetIf_getIfByID)
                  20015e3c    00000028                         : slnetsock.oem4 (.text:SlNetSock_secAttribDelete)
                  20015e64    00000028     slnetifwifi.a : slwificonn.obj (.text:SlWifiConn_registerNetIFCallback)
                  20015e8c    00000028     simplelink.a : driver.obj (.text:_SlDrvProtectionObjLockWaitForever)
                  20015eb4    00000028                  : driver.obj (.text:_SlDrvProtectionObjUnLock)
                  20015edc    00000028                  : flowcont.obj (.text:_SlFlowContSet)
                  20015f04    00000028     httpclient_release.a : httpclient.oem4 (.text:clearResHeaders)
                  20015f2c    00000028     sysbios.aem4 : m3_Hwi_asm.obj (.text:ti_sysbios_family_arm_m3_Hwi_excHandlerAsm__I)
                  20015f54    00000004     --HOLE-- [fill = 0]
                  20015f58    00000028                  : BIOS.obj (.text:ti_sysbios_knl_Clock_addI__E)
                  20015f80    00000028                  : BIOS.obj (.text:ti_sysbios_knl_Swi_Module_startup__E)
                  20015fa8    00000026     drivers_cc32xx.a : List.oem4 (.text:List_put)
                  20015fce    00000026                      : List.oem4 (.text:List_remove)
                  20015ff4    00000024                      : PowerCC32XX.oem4 (.text:PowerCC32XX_reset)
                  20016018    00000024     slnetsock_release.a : slnetif.oem4 (.text:SlNetIf_getConnectionStatus)
                  2001603c    00000024                         : slnetsock.oem4 (.text:SlNetSock_getIfID)
                  20016060    00000024     simplelink.a : driver.obj (.text:_SlDrvIsApiInProgress)
                  20016084    00000024                  : driver.obj (.text:_SlDrvStartMeasureTimeout)
                  200160a8    00000024     sysbios.aem4 : BIOS.obj (.text:pthread_attr_init)
                  200160cc    00000024     release_pem4.oem4 (.text:ti_sysbios_BIOS_registerRTSLock__I)
                  200160f0    00000024     release_pem4.oem4 (.text:ti_sysbios_BIOS_removeRTSLock__I)
                  20016114    00000004     --HOLE-- [fill = 0]
                  20016118    00000024     sysbios.aem4 : BIOS.obj (.text:ti_sysbios_family_arm_m3_Timer_postInit__I)
                  2001613c    00000004     --HOLE-- [fill = 0]
                  20016140    00000024                  : BIOS.obj (.text:ti_sysbios_family_arm_m3_Timer_startup__E)
                  20016164    00000024     release_pem4.oem4 (.text:ti_sysbios_gates_GateMutex_Object__delete__S)
                  20016188    00000024     sysbios.aem4 : BIOS.obj (.text:ti_sysbios_knl_Clock_Module_startup__E)
                  200161ac    00000024     release_pem4.oem4 (.text:ti_sysbios_knl_Clock_Object__delete__S)
                  200161d0    00000024     sysbios.aem4 : BIOS.obj (.text:ti_sysbios_knl_Clock_start__E)
                  200161f4    00000004     --HOLE-- [fill = 0]
                  200161f8    00000024                  : BIOS.obj (.text:ti_sysbios_knl_Semaphore_Instance_init__E)
                  2001621c    00000024     release_pem4.oem4 (.text:ti_sysbios_knl_Semaphore_Object__delete__S)
                  20016240    00000024     sysbios.aem4 : BIOS.obj (.text:ti_sysbios_knl_Task_restoreHwi__E)
                  20016264    00000004     --HOLE-- [fill = 0]
                  20016268    00000024                  : BIOS.obj (.text:xdc_runtime_Error_policyMin__E)
                  2001628c    00000020     drivers_cc32xx.a : PowerCC32XX.oem4 (.text:Power_unregisterNotify)
                  200162ac    00000020     slnetifwifi.a : slnetifwifi.obj (.text:SlNetIfWifi_accept)
                  200162cc    00000020     drivers_cc32xx.a : SPICC32XXDMA.oem4 (.text:getPowerMgrId)
                  200162ec    00000020                      : UARTCC32XXDMA.oem4 (.text:getPowerMgrId)
                  2001630c    00000020     rtsv7M4_T_le_eabi.lib : u_tofd_t2.asm.obj (.text)
                  2001632c    00000020     release_pem4.oem4 (.text:ti_sysbios_BIOS_rtsLock__I)
                  2001634c    00000020     release_pem4.oem4 (.text:ti_sysbios_family_arm_m3_Hwi_Object__delete__S)
                  2001636c    00000004     --HOLE-- [fill = 0]
                  20016370    00000020     sysbios.aem4 : BIOS.obj (.text:ti_sysbios_family_arm_m3_Hwi_clearInterrupt__E)
                  20016390    00000020     release_pem4.oem4 (.text:ti_sysbios_gates_GateHwi_Object__delete__S)
                  200163b0    00000020     release_pem4.oem4 (.text:ti_sysbios_heaps_HeapMem_Object__delete__S)
                  200163d0    00000020     sysbios.aem4 : BIOS.obj (.text:ti_sysbios_knl_Idle_run__E)
                  200163f0    00000020     release_pem4.oem4 (.text:ti_sysbios_knl_Semaphore_destruct)
                  20016410    00000020     release_pem4.oem4 (.text:ti_sysbios_knl_Task_Object__delete__S)
                  20016430    0000001e     slnetifwifi.a : slnetifwifi.obj (.text:SlNetIfWifi_bind)
                  2001644e    0000001e                   : slnetifwifi.obj (.text:SlNetIfWifi_connect)
                  2001646c    0000001e     simplelink.a : driver.obj (.text:_SlDrvObjLockWaitForever)
                  2001648a    0000001e                  : driver.obj (.text:_SlDrvObjUnLock)
                  200164a8    0000001e                  : driver.obj (.text:_SlDrvSyncObjSignal)
                  200164c6    0000001e     drivers_cc32xx.a : UDMACC32XX.oem4 (.text:postNotifyFxn)
                  200164e4    0000001e     httpclient_release.a : httpclient.oem4 (.text:searchRequestHeader)
                  20016502    0000001e     sysbios.aem4 : m3_Hwi_asm_switch.obj (.text:ti_sysbios_family_xxx_Hwi_switchAndRunFunc)
                  20016520    0000001c     driverlib.a : pin.obj (.text:PinToPadGet)
                  2001653c    0000001c     simplelink.a : device.obj (.text:_SlDeviceGetStartResponseConvert)
                  20016558    0000001c                  : spawn.obj (.text:_SlInternalIsItSpawnThread)
                  20016574    0000001c     rtsv7M4_T_le_eabi.lib : memccpy.c.obj (.text:memccpy)
                  20016590    0000001c     sysbios.aem4 : BIOS.obj (.text:ti_sysbios_family_arm_m3_Hwi_excHandler__I)
                  200165ac    00000004     --HOLE-- [fill = 0]
                  200165b0    0000001c                  : BIOS.obj (.text:ti_sysbios_family_arm_m3_Timer_Module_startup__E)
                  200165cc    00000004     --HOLE-- [fill = 0]
                  200165d0    0000001c                  : BIOS.obj (.text:ti_sysbios_family_arm_m3_Timer_stop__E)
                  200165ec    00000004     --HOLE-- [fill = 0]
                  200165f0    0000001c                  : BIOS.obj (.text:ti_sysbios_gates_GateMutex_Instance_init__E)
                  2001660c    00000004     --HOLE-- [fill = 0]
                  20016610    0000001c                  : BIOS.obj (.text:ti_sysbios_knl_Clock_Instance_finalize__E)
                  2001662c    0000001c     release_pem4.oem4 (.text:ti_sysbios_knl_Queue_destruct)
                  20016648    0000001c     sysbios.aem4 : BIOS.obj (.text:ti_sysbios_knl_Queue_put__E)
                  20016664    00000004     --HOLE-- [fill = 0]
                  20016668    0000001c                  : BIOS.obj (.text:ti_sysbios_knl_Task_enter__I)
                  20016684    00000004     --HOLE-- [fill = 0]
                  20016688    0000001c                  : BIOS.obj (.text:ti_sysbios_rts_ti_ReentSupport_getReent__F)
                  200166a4    0000001c     httpclient_release.a : httpclient.oem4 (.text:validateResponseHeader)
                  200166c0    0000001a     slnetifwifi.a : slnetifwifi.obj (.text:SlNetIfWifi_listen)
                  200166da    0000001a     release_pem4.oem4 (.text:free)
                  200166f4    0000001a     sysbios.aem4 : m3_Hwi_asm.obj (.text:ti_sysbios_family_arm_m3_Hwi_pendSV__I)
                  2001670e    00000002     --HOLE-- [fill = 0]
                  20016710    00000018     drivers_cc32xx.a : PowerCC32XX.oem4 (.text:Power_getTransitionLatency)
                  20016728    00000018                      : PowerCC32XX.oem4 (.text:Power_idleFunc)
                  20016740    00000018     driverlib.a : uart.obj (.text:UARTBusy)
                  20016758    00000018     drivers_cc32xx.a : UART.oem4 (.text:UART_Params_init)
                  20016770    00000018     rtsv7M4_T_le_eabi.lib : args_main.c.obj (.text:_args_main)
                  20016788    00000018                           : vsnprintf.c.obj (.text:_outc)
                  200167a0    00000018                           : sprintf.c.obj (.text:_outs)
                  200167b8    00000018     httpclient_release.a : httpclient.oem4 (.text:countChar)
                  200167d0    00000018     rtsv7M4_T_le_eabi.lib : ll_mul_t2.asm.obj (.text)
                  200167e8    00000018                           : strcmp.c.obj (.text:strcmp)
                  20016800    00000018     release_pem4.oem4 (.text:ti_sysbios_BIOS_rtsUnlock__I)
                  20016818    00000018     release_pem4.oem4 (.text:ti_sysbios_family_arm_m3_Hwi_Module__startupDone__F)
                  20016830    00000018     release_pem4.oem4 (.text:ti_sysbios_family_arm_m3_Timer_Module__startupDone__F)
                  20016848    00000018     sysbios.aem4 : BIOS.obj (.text:ti_sysbios_gates_GateMutex_leave__E)
                  20016860    00000018                  : BIOS.obj (.text:ti_sysbios_knl_Task_sleepTimeout__I)
                  20016878    00000018     release_pem4.oem4 (.text:ti_sysbios_rts_ti_ReentSupport_getTlsAddr__I)
                  20016890    00000018     sysbios.aem4 : BIOS.obj (.text:xdc_runtime_Error_init__E)
                  200168a8    00000018                  : BIOS.obj (.text:xdc_runtime_System_exit__E)
                  200168c0    00000016     display_cc32xx.a : DisplayUart.oem4 (.text:DisplayUartMin_close)
                  200168d6    00000016     driverlib.a : prcm.obj (.text:PRCMHIBRegRead)
                  200168ec    00000016                 : prcm.obj (.text:PRCMHIBRegWrite)
                  20016902    00000016     simplelink.a : driver.obj (.text:_SlDrvMemZero)
                  20016918    00000016     httpclient_release.a : httpclient.oem4 (.text:clearNonPersistResponseFilter)
                  2001692e    00000002     --HOLE-- [fill = 0]
                  20016930    00000016     sysbios.aem4 : BIOS.obj (.text:pthread_mutex_destroy)
                  20016946    00000016     rtsv7M4_T_le_eabi.lib : strchr.c.obj (.text:strchr)
                  2001695c    00000016     release_pem4.oem4 (.text:ti_sysbios_BIOS_exitFunc__I)
                  20016972    00000014     ti_drivers_config.obj (.text:Board_init)
                  20016986    00000002     --HOLE-- [fill = 0]
                  20016988    00000014     drivers_cc32xx.a : PowerCC32XX.oem4 (.text:Power_getDependencyCount)
                  2001699c    00000014                      : SPI.oem4 (.text:SPI_Params_init)
                  200169b0    00000014     sysbios.aem4 : BIOS.obj (.text:pthread_attr_setschedparam)
                  200169c4    00000014     rtsv7M4_T_le_eabi.lib : strcpy.c.obj (.text:strcpy)
                  200169d8    00000014                           : strlen.c.obj (.text:strlen)
                  200169ec    00000014     release_pem4.oem4 (.text:ti_sysbios_family_arm_m3_Hwi_Object__get__S)
                  20016a00    00000014     sysbios.aem4 : BIOS.obj (.text:ti_sysbios_family_arm_m3_Hwi_switchFromBootStack__E)
                  20016a14    00000014     release_pem4.oem4 (.text:ti_sysbios_heaps_HeapMem_Object__get__S)
                  20016a28    00000014     sysbios.aem4 : BIOS.obj (.text:ti_sysbios_knl_Clock_tickReconfig__E)
                  20016a3c    00000014     release_pem4.oem4 (.text:ti_sysbios_knl_Swi_Object__get__S)
                  20016a50    00000012     dpl_cc32xx.a : SemaphoreP_tirtos.oem4 (.text:SemaphoreP_pend)
                  20016a62    00000012     slnetifwifi.a : slnetifwifi.obj (.text:SlNetIfWifi_close)
                  20016a74    00000004     --HOLE-- [fill = 0]
                  20016a78    00000012     sysbios.aem4 : BIOS.obj (.text:_pthread_runStub$43)
                  20016a8a    00000006     driverlib.a : utils.obj (.text:UtilsDelay)
                  20016a90    00000012     sysbios.aem4 : BIOS.obj (.text:ti_sysbios_hal_Hwi_Module_startup__E)
                  20016aa2    00000012     rtsv7M4_T_le_eabi.lib : wcslen.c.obj (.text:wcslen)
                  20016ab4    00000012     release_pem4.oem4 (.text:xdc_runtime_Startup_exec__I)
                  20016ac6    00000010     dpl_cc32xx.a : HwiP_tirtos.oem4 (.text:HwiP_Params_init)
                  20016ad6    00000010     slnetifwifi.a : slnetifwifi.obj (.text:SlNetIfWifi_DeleteContext)
                  20016ae6    00000010     slnetsock_release.a : slnetsock.oem4 (.text:SlNetSock_secAttribCreate)
                  20016af6    00000010     simplelink.a : driver.obj (.text:_SlDrvDispatchHttpServerEvents)
                  20016b06    00000010                  : driver.obj (.text:_SlDrvDispatchNetAppRequestEvents)
                  20016b16    00000010                  : driver.obj (.text:_SlDrvIsSpawnOwnGlobalLock)
                  20016b26    00000010     ti_drivers_config.obj (.text:dmaErrorFxn)
                  20016b36    00000002     --HOLE-- [fill = 0]
                  20016b38    00000010     sysbios.aem4 : BIOS.obj (.text:pthread_mutexattr_init)
                  20016b48    00000010                  : BIOS.obj (.text:pthread_mutexattr_settype)
                  20016b58    00000010     httpclient_release.a : httpclient.oem4 (.text:skipWhiteSpace)
                  20016b68    00000010     slnetifwifi.a : slnetifwifi.obj (.text:slNetIfWifi_connDisable)
                  20016b78    00000010     sysbios.aem4 : BIOS.obj (.text:ti_sysbios_BIOS_getCpuFreq__E)
                  20016b88    00000010                  : BIOS.obj (.text:ti_sysbios_BIOS_setThreadType__E)
                  20016b98    00000010                  : BIOS.obj (.text:ti_sysbios_BIOS_start__E)
                  20016ba8    00000010                  : m3_TaskSupport_asm.obj (.text:ti_sysbios_family_arm_m3_TaskSupport_glue)
                  20016bb8    00000010                  : m3_TaskSupport_asm.obj (.text:ti_sysbios_family_arm_m3_TaskSupport_swap__E)
                  20016bc8    00000010                  : BIOS.obj (.text:ti_sysbios_gates_GateMutex_Instance_finalize__E)
                  20016bd8    00000010     release_pem4.oem4 (.text:ti_sysbios_knl_Mailbox_Object__get__S)
                  20016be8    00000010     sysbios.aem4 : BIOS.obj (.text:ti_sysbios_knl_Semaphore_Instance_finalize__E)
                  20016bf8    00000010                  : BIOS.obj (.text:ti_sysbios_knl_Swi_disable__E)
                  20016c08    00000010     release_pem4.oem4 (.text:ti_sysbios_knl_Task_Object__get__S)
                  20016c18    00000010     sysbios.aem4 : BIOS.obj (.text:ti_sysbios_knl_Task_disable__E)
                  20016c28    00000010                  : BIOS.obj (.text:xdc_runtime_Memory_free__E)
                  20016c38    00000010                  : BIOS.obj (.text:xdc_runtime_SysCallback_abort__E)
                  20016c48    00000010                  : BIOS.obj (.text:xdc_runtime_SysCallback_exit__E)
                  20016c58    00000010                  : BIOS.obj (.text:xdc_runtime_SysCallback_putch__E)
                  20016c68    00000010                  : BIOS.obj (.text:xdc_runtime_SysCallback_ready__E)
                  20016c78    00000010                  : BIOS.obj (.text:xdc_runtime_System_vsnprintf__E)
                  20016c88    0000000e     simplelink.a : driver.obj (.text:_SlDrvResetCmdExt)
                  20016c96    0000000e     rtsv7M4_T_le_eabi.lib : copy_decompress_none.c.obj (.text:decompress:none:__TI_decompress_none)
                  20016ca4    0000000e     drivers_cc32xx.a : SPICC32XXDMA.oem4 (.text:postNotifyFxn)
                  20016cb2    00000006     --HOLE-- [fill = 0]
                  20016cb8    0000000e     sysbios.aem4 : BIOS.obj (.text:pthread_attr_setdetachstate)
                  20016cc6    00000002     --HOLE-- [fill = 0]
                  20016cc8    0000000e                  : BIOS.obj (.text:sem_wait)
                  20016cd6    0000000e     slnetifwifi.a : slnetifwifi.obj (.text:slNetIfWifi_connEnable)
                  20016ce4    0000000e     simplelink.a : cc_pal.obj (.text:spi_Close)
                  20016cf2    00000006     --HOLE-- [fill = 0]
                  20016cf8    0000000e     sysbios.aem4 : BIOS.obj (.text:ti_sysbios_knl_Idle_loop__E)
                  20016d06    00000002     --HOLE-- [fill = 0]
                  20016d08    0000000e                  : BIOS.obj (.text:ti_sysbios_knl_Queue_empty__E)
                  20016d16    0000000c     dpl_cc32xx.a : ClockP_tirtos.oem4 (.text:ClockP_delete)
                  20016d22    00000002     --HOLE-- [fill = 0]
                  20016d24    0000000c                  : ClockP_tirtos.oem4 (.text:ClockP_getSystemTickPeriod)
                  20016d30    0000000c                  : HwiP_tirtos.oem4 (.text:HwiP_delete)
                  20016d3c    0000000c     simplelink.a : cc_pal.obj (.text:NwpMaskInterrupt)
                  20016d48    0000000c                  : cc_pal.obj (.text:NwpUnMaskInterrupt)
                  20016d54    0000000c     drivers_cc32xx.a : PowerCC32XX.oem4 (.text:Power_getConstraintMask)
                  20016d60    0000000c     dpl_cc32xx.a : SemaphoreP_tirtos.oem4 (.text:SemaphoreP_delete)
                  20016d6c    0000000c     platform.obj (.text:SimpleLinkHttpServerEventHandler)
                  20016d78    0000000c     platform.obj (.text:SimpleLinkNetAppRequestEventHandler)
                  20016d84    0000000c     simplelink.a : device.obj (.text:_SlDeviceResetRequestInitCompletedCB)
                  20016d90    0000000c     rtsv7M4_T_le_eabi.lib : _lock.c.obj (.text:_register_lock)
                  20016d9c    0000000c                           : _lock.c.obj (.text:_register_unlock)
                  20016da8    0000000c                           : s_copysign.c.obj (.text:copysign)
                  20016db4    0000000c                           : copy_zero_init.c.obj (.text:decompress:ZI:__TI_zero_init)
                  20016dc0    0000000c     drivers_cc32xx.a : UARTCC32XXDMA.oem4 (.text:postNotifyFxn)
                  20016dcc    00000004     --HOLE-- [fill = 0]
                  20016dd0    0000000c     sysbios.aem4 : BIOS.obj (.text:pthread_self)
                  20016ddc    0000000c     release_pem4.oem4 (.text:ti_sysbios_family_arm_m3_Hwi_Params__init__S)
                  20016de8    0000000c     sysbios.aem4 : BIOS.obj (.text:ti_sysbios_family_arm_m3_Hwi_disableFxn__E)
                  20016df4    00000004     --HOLE-- [fill = 0]
                  20016df8    0000000c                  : BIOS.obj (.text:ti_sysbios_family_arm_m3_TaskSupport_getStackAlignment__E)
                  20016e04    00000004     --HOLE-- [fill = 0]
                  20016e08    0000000c                  : BIOS.obj (.text:ti_sysbios_gates_GateHwi_enter__E)
                  20016e14    0000000c     release_pem4.oem4 (.text:ti_sysbios_knl_Clock_Params__init__S)
                  20016e20    0000000c     sysbios.aem4 : BIOS.obj (.text:ti_sysbios_knl_Clock_getTicks__E)
                  20016e2c    00000004     --HOLE-- [fill = 0]
                  20016e30    0000000c                  : BIOS.obj (.text:ti_sysbios_knl_Clock_setTicks__E)
                  20016e3c    00000004     --HOLE-- [fill = 0]
                  20016e40    0000000c                  : BIOS.obj (.text:ti_sysbios_knl_Clock_tickStart__E)
                  20016e4c    00000004     --HOLE-- [fill = 0]
                  20016e50    0000000c                  : BIOS.obj (.text:ti_sysbios_knl_Clock_tickStop__E)
                  20016e5c    0000000c     release_pem4.oem4 (.text:ti_sysbios_knl_Queue_Object__get__S)
                  20016e68    0000000c     release_pem4.oem4 (.text:ti_sysbios_knl_Semaphore_Params__init__S)
                  20016e74    0000000c     release_pem4.oem4 (.text:ti_sysbios_knl_Task_Params__init__S)
                  20016e80    0000000c     sysbios.aem4 : BIOS.obj (.text:ti_sysbios_knl_Task_self__E)
                  20016e8c    00000004     --HOLE-- [fill = 0]
                  20016e90    0000000c                  : BIOS.obj (.text:ti_sysbios_rts_ti_ReentSupport_taskRegHook__I)
                  20016e9c    0000000c     driverlib.a : udma.obj (.text:uDMAErrorStatusClear)
                  20016ea8    0000000c                 : udma.obj (.text:uDMAErrorStatusGet)
                  20016eb4    00000004     --HOLE-- [fill = 0]
                  20016eb8    0000000c     sysbios.aem4 : BIOS.obj (.text:xdc_runtime_Startup_rtsDone__E)
                  20016ec4    0000000a     dpl_cc32xx.a : ClockP_tirtos.oem4 (.text:ClockP_Params_init)
                  20016ece    0000000a     drivers_cc32xx.a : SPI.oem4 (.text:SPI_close)
                  20016ed8    0000000a                      : SPI.oem4 (.text:SPI_transfer)
                  20016ee2    0000000a     platform.obj (.text:SimpleLinkFatalErrorEventHandler)
                  20016eec    0000000a     platform.obj (.text:SimpleLinkGeneralEventHandler)
                  20016ef6    0000000a     platform.obj (.text:SimpleLinkNetAppRequestMemFreeEventHandler)
                  20016f00    0000000a     platform.obj (.text:SimpleLinkSockEventHandler)
                  20016f0a    0000000a     platform.obj (.text:SimpleLinkWlanEventHandler)
                  20016f14    0000000a     drivers_cc32xx.a : UART.oem4 (.text:UART_close)
                  20016f1e    0000000a                      : UART.oem4 (.text:UART_control)
                  20016f28    0000000a                      : UART.oem4 (.text:UART_write)
                  20016f32    0000000a     rtsv7M4_T_le_eabi.lib : sprintf.c.obj (.text:_outc)
                  20016f3c    00000004     --HOLE-- [fill = 0]
                  20016f40    0000000a     sysbios.aem4 : BIOS.obj (.text:sem_destroy)
                  20016f4a    00000006     --HOLE-- [fill = 0]
                  20016f50    0000000a                  : BIOS.obj (.text:sem_post)
                  20016f5a    0000000a     simplelink.a : device.obj (.text:sl_Task)
                  20016f64    0000000a     release_pem4.oem4 (.text:xdc_runtime_IHeap_alloc)
                  20016f6e    0000000a     release_pem4.oem4 (.text:xdc_runtime_IHeap_free)
                  20016f78    00000008     dpl_cc32xx.a : SemaphoreP_tirtos.oem4 (.text:SemaphoreP_Params_init)
                  20016f80    00000008     simplelink.a : cc_pal.obj (.text:TimerGetCurrentTimestamp)
                  20016f88    00000008     drivers_cc32xx.a : SPICC32XXDMA.oem4 (.text:blockingTransferCallback)
                  20016f90    00000008     sysbios.aem4 : BIOS.obj (.text:pthread_attr_setstacksize)
                  20016f98    00000008                  : BIOS.obj (.text:pthread_mutex_lock)
                  20016fa0    00000008     drivers_cc32xx.a : UARTCC32XXDMA.oem4 (.text:readSemCallback)
                  20016fa8    00000008     sysbios.aem4 : BIOS.obj (.text:sem_getvalue)
                  20016fb0    00000008                  : BIOS.obj (.text:ti_sysbios_family_arm_m3_Hwi_doSwiRestore__I)
                  20016fb8    00000008                  : BIOS.obj (.text:ti_sysbios_family_arm_m3_Hwi_startup__E)
                  20016fc0    00000008     drivers_cc32xx.a : UARTCC32XXDMA.oem4 (.text:writeSemCallback)
                  20016fc8    00000006     sysbios.aem4 : BIOS.obj (.text:ti_sysbios_family_arm_m3_Hwi_doTaskRestore__I)
                  20016fce    00000002     --HOLE-- [fill = 0]
                  20016fd0    00000006                  : BIOS.obj (.text:ti_sysbios_family_arm_m3_Hwi_restoreFxn__E)
                  20016fd6    00000002     --HOLE-- [fill = 0]
                  20016fd8    00000006                  : BIOS.obj (.text:ti_sysbios_gates_GateHwi_leave__E)
                  20016fde    00000002     --HOLE-- [fill = 0]
                  20016fe0    00000006                  : BIOS.obj (.text:ti_sysbios_heaps_HeapMem_isBlocking__E)
                  20016fe6    00000002     --HOLE-- [fill = 0]
                  20016fe8    00000006                  : BIOS.obj (.text:ti_sysbios_knl_Clock_stop__E)
                  20016fee    00000002     --HOLE-- [fill = 0]
                  20016ff0    00000006                  : BIOS.obj (.text:ti_sysbios_knl_Queue_Instance_init__E)
                  20016ff6    00000002     --HOLE-- [fill = 0]
                  20016ff8    00000006                  : BIOS.obj (.text:ti_sysbios_knl_Swi_startup__E)
                  20016ffe    00000002     --HOLE-- [fill = 0]
                  20017000    00000006                  : BIOS.obj (.text:xdc_runtime_System_Module_startup__E)
                  20017006    00000002     --HOLE-- [fill = 0]
                  20017008    00000004                  : BIOS.obj (.text:__aeabi_errno_addr)
                  2001700c    00000004     --HOLE-- [fill = 0]
                  20017010    00000004                  : BIOS.obj (.text:ti_sysbios_family_arm_m3_Timer_getMaxTicks__E)
                  20017014    00000004     --HOLE-- [fill = 0]
                  20017018    00000004                  : BIOS.obj (.text:ti_sysbios_gates_GateHwi_query__E)
                  2001701c    00000004     --HOLE-- [fill = 0]
                  20017020    00000004                  : BIOS.obj (.text:ti_sysbios_gates_GateMutex_query__E)
                  20017024    00000004     --HOLE-- [fill = 0]
                  20017028    00000004                  : BIOS.obj (.text:ti_sysbios_knl_Clock_setTimeout__E)
                  2001702c    00000004     --HOLE-- [fill = 0]
                  20017030    00000004                  : BIOS.obj (.text:ti_sysbios_knl_Task_startup__E)
                  20017034    00000004     --HOLE-- [fill = 0]
                  20017038    00000004                  : BIOS.obj (.text:xdc_runtime_SysCallback_defaultReady)
                  2001703c    00000004     --HOLE-- [fill = 0]
                  20017040    00000002                  : BIOS.obj (.text:ti_sysbios_BIOS_linkedWithIncorrectBootLibrary__E)
                  20017042    00000006     --HOLE-- [fill = 0]
                  20017048    00000002                  : BIOS.obj (.text:ti_sysbios_gates_GateHwi_Instance_init__E)
                  2001704a    00000006     --HOLE-- [fill = 0]
                  20017050    00000002                  : BIOS.obj (.text:ti_sysbios_knl_Clock_logTick__E)
                  20017052    00000006     --HOLE-- [fill = 0]
                  20017058    00000002                  : BIOS.obj (.text:xdc_runtime_SysCallback_defaultAbort)
                  2001705a    00000006     --HOLE-- [fill = 0]
                  20017060    00000002                  : BIOS.obj (.text:xdc_runtime_SysCallback_defaultExit)
                  20017062    00000006     --HOLE-- [fill = 0]
                  20017068    00000002                  : BIOS.obj (.text:xdc_runtime_SysCallback_defaultPutch)
                  2001706a    00000006     --HOLE-- [fill = 0]
                  20017070    00000002                  : BIOS.obj (.text:xdc_runtime_System_abortSpin__E)
                  20017072    00000006     --HOLE-- [fill = 0]
                  20017078    00000002                  : BIOS.obj (.text:xdc_runtime_System_exitSpin__E)

.bss       0    2001f400    000015ab     UNINITIALIZED
                  2001f400    00000400     ti_drivers_config.obj (.bss:displayUARTBuffer)
                  2001f800    00000400     ti_drivers_config.obj (.bss:dmaControlTable)
                  2001fc00    000003fc     (.common:g_CB)
                  2001fffc    0000030c     (.common:ti_sysbios_family_arm_m3_Hwi_dispatchTable)
                  20020308    00000200     release_pem4.oem4 (.bss:taskStackSection)
                  20020508    0000012c     (.common:PowerCC32XX_contextSave)
                  20020634    00000088     (.common:spiCC32XXDMAObjects)
                  200206bc    00000084     (.common:gpioCallbackFunctions)
                  20020740    00000084     (.common:gpioUserArgs)
                  200207c4    00000080     slnetsock_release.a : slnetsock.oem4 (.bss:VirtualSockets)
                  20020844    0000006c     (.common:uartCC32XXObjects0)
                  200208b0    0000002c     (.common:GlobalLockObj)
                  200208dc    00000028     (.common:g_SlInternalSpawnCB)
                  20020904    0000001c                         : slnetif.oem4 (.bss:EventsSem)
                  20020920    0000001c                         : slnetsock.oem4 (.bss:VirtualSocketSem)
[...]
20016f99  pthread_mutex_lock                                              
20016fa9  sem_getvalue                                                    
20016fb1  ti_sysbios_family_arm_m3_Hwi_doSwiRestore__I                    
20016fb9  ti_sysbios_family_arm_m3_Hwi_startup__E                         
20016fb9  ti_sysbios_hal_Hwi_HwiProxy_startup__E                          
20016fb9  ti_sysbios_hal_Hwi_startup__E                                   
20016fc9  ti_sysbios_family_arm_m3_Hwi_doTaskRestore__I                   
20016fd1  HwiP_restore                                                    
20016fd1  ti_sysbios_family_arm_m3_Hwi_restoreFxn__E                      
20016fd1  ti_sysbios_hal_Hwi_HwiProxy_restore__E                          
20016fd9  ti_sysbios_gates_GateHwi_leave__E                               
20016fe1  ti_sysbios_heaps_HeapMem_isBlocking__E                          
20016fe9  ti_sysbios_knl_Clock_stop__E                                    
20016ff1  ti_sysbios_knl_Queue_Instance_init__E                           
20016ff9  ti_sysbios_knl_Swi_startup__E                                   
20017001  xdc_runtime_System_Module_startup__E                            
20017009  __aeabi_errno_addr                                              
20017011  ti_sysbios_family_arm_m3_Timer_getMaxTicks__E                   
20017019  ti_sysbios_gates_GateHwi_query__E                               
20017019  xdc_runtime_Main_Module_GateProxy_query__E                      
20017019  xdc_runtime_System_Module_GateProxy_query__E                    
20017021  ti_sysbios_BIOS_RtsGateProxy_query__E                           
20017021  ti_sysbios_gates_GateMutex_query__E                             
20017021  ti_sysbios_heaps_HeapMem_Module_GateProxy_query__E              
20017029  ti_sysbios_knl_Clock_setTimeout__E                              
20017031  ti_sysbios_knl_Task_startup__E                                  
20017039  xdc_runtime_SysCallback_defaultReady                            
20017041  ti_sysbios_BIOS_linkedWithIncorrectBootLibrary__E               
20017049  ti_sysbios_gates_GateHwi_Instance_init__E                       
20017051  ti_sysbios_knl_Clock_logTick__E                                 
20017059  xdc_runtime_SysCallback_defaultAbort                            
20017061  xdc_runtime_SysCallback_defaultExit                             
20017069  xdc_runtime_SysCallback_defaultPutch                            
20017071  xdc_runtime_System_abortSpin__E                                 
20017079  xdc_runtime_System_exitSpin__E                                  
20017080  __primary_heap_start__                                          
2001f080  __primary_heap_end__                                            
2001fc00  g_CB                                                            
2001fffc  ti_sysbios_family_arm_m3_Hwi_dispatchTable                      
20020308  ti_sysbios_knl_Task_Instance_State_0_stack__A                   
20020508  PowerCC32XX_contextSave                                         
20020634  spiCC32XXDMAObjects                                             
200206bc  gpioCallbackFunctions                                           
20020740  gpioUserArgs                                                    
20020844  uartCC32XXObjects0                                              
200208b0  GlobalLockObj                                                   
200208dc  g_SlInternalSpawnCB                                             
20020964  DeviceCB                                                        
20020970  Msg                                                             
2002097c  displayUartObject                                               
20020988  spiCC32XXSDMAscratchBuf                                         
20020990  udmaCC3220SObject                                               
2002099c  display                                                         
200209a0  mode                                                            
200209a4  ti_sysbios_knl_Task_Instance_State_0_hookEnv__A                 
200209a8  gIfID                                                           
200209aa  RxIrqCnt                                                        
20020c34  _ctypes_                                                        
20020d35  Display_defaultParams                                           
20020d36  ti_sysbios_family_arm_m3_Hwi_Module__id__C                      
20020ee0  spiCC32XXDMAHWAttrs                                             
20020f58  OpcodeTranslateTable                                            
20020fc8  _SlActionLookupTable                                            
20021018  PowerCC32XX_config                                              
2002105c  ti_sysbios_knl_Task_Object__PARAMS__C                           
20021098  ti_sysbios_family_arm_m3_Hwi_Object__PARAMS__C                  
200210c8  UARTCC32XXDMA_fxnTable                                          
20021118  ti_sysbios_heaps_HeapMem_Module__FXNS__C                        
20021140  UART_defaultParams                                              
20021164  ti_sysbios_gates_GateHwi_Module__FXNS__C                        
20021188  ti_sysbios_gates_GateMutex_Module__FXNS__C                      
200211ac  ti_sysbios_heaps_HeapMem_Object__PARAMS__C                      
200211d0  ti_sysbios_knl_Clock_Object__PARAMS__C                          
200211f4  ti_sysbios_knl_Semaphore_Object__PARAMS__C                      
2002123c  xdc_runtime_Startup_sfxnTab__A                                  
200212a3  ti_sysbios_knl_Clock_tickMode__C                                
200212a4  DisplayUartMin_fxnTable                                         
200212e4  SPI_defaultParams                                               
20021324  ti_sysbios_family_arm_m3_Hwi_Object__DESC__C                    
20021344  ti_sysbios_gates_GateHwi_Object__DESC__C                        
20021364  ti_sysbios_gates_GateMutex_Object__DESC__C                      
20021384  ti_sysbios_heaps_HeapMem_Object__DESC__C                        
200213a4  ti_sysbios_knl_Clock_Object__DESC__C                            
200213c4  ti_sysbios_knl_Queue_Object__DESC__C                            
200213e4  ti_sysbios_knl_Semaphore_Object__DESC__C                        
20021404  ti_sysbios_knl_Task_Object__DESC__C                             
20021424  SPICC32XXDMA_fxnTable                                           
2002143c  SPI_config                                                      
20021454  ti_sysbios_gates_GateHwi_Object__PARAMS__C                      
2002146c  ti_sysbios_gates_GateMutex_Object__PARAMS__C                    
20021484  ti_sysbios_knl_Queue_Object__PARAMS__C                          
2002149c  ti_sysbios_knl_Task_hooks__A                                    
200214b4  Display_count                                                   
200214b5  CONFIG_Crypto_0_CONST                                           
200214b6  CryptoCC32XX_count                                              
200214b7  GPIO_pinLowerBound                                              
200214b8  GPIO_pinUpperBound                                              
200214b9  CONFIG_GPIO_BUTTON_0_CONST                                      
200214ba  CONFIG_GPIO_BUTTON_1_CONST                                      
200214bb  CONFIG_GPIO_LED_0_CONST                                         
200214bc  CONFIG_GPIO_LED_1_CONST                                         
200214bd  CONFIG_GPIO_LED_2_CONST                                         
200214be  CONFIG_SPI_0_CONST                                              
200214bf  CONFIG_NWP_SPI_CONST                                            
200214c0  SPI_count                                                       
200214c1  CONFIG_TIMER_0_CONST                                            
200214c2  CONFIG_TIMER_1_CONST                                            
200214c3  CONFIG_TIMER_2_CONST                                            
200214c4  Timer_count                                                     
200214c5  CONFIG_UART_0_CONST                                             
200214c6  UART_count                                                      
200214c7  CONFIG_WATCHDOG_0_CONST                                         
200214c8  Watchdog_count                                                  
200214c9  ti_sysbios_knl_Clock_tickSource__C                              
200214ca  ti_sysbios_family_arm_m3_Timer_Module__id__C                    
20021558  displayUartHWAttrs                                              
20021580  xdc_runtime_Startup_sfxnRts__A                                  
20021592  ti_sysbios_heaps_HeapMem_Module__id__C                          
20021594  GPIO_config                                                     
200215f0  Display_config                                                  
200215fc  UART_config                                                     
2002162c  udmaCC3220SHWAttrs                                              
20021638  xdc_runtime_Startup_firstFxns__A                                
2002164c  UDMACC32XX_config                                               
20021674  ti_sysbios_knl_Idle_funcList__A                                 
2002167c  ti_sysbios_knl_Idle_funcList__C                                 
20021684  ti_sysbios_knl_Task_hooks__C                                    
2002168c  xdc_runtime_Startup_firstFxns__C                                
20021694  xdc_runtime_Startup_lastFxns__C                                 
200216cc  _SlNetAppSendResponseCmdCtrl                                    
200216d0  _SlNetAppSendTokenValueCmdCtrl                                  
20021700  ti_sysbios_family_arm_m3_Hwi_E_alreadyDefined__C                
20021704  ti_sysbios_family_arm_m3_Hwi_E_badIntNum__C                     
20021708  ti_sysbios_family_arm_m3_Hwi_NUM_INTERRUPTS__C                  
2002170c  ti_sysbios_family_arm_m3_Hwi_Object__count__C                   
20021710  ti_sysbios_family_arm_m3_Hwi_ccr__C                             
20021714  ti_sysbios_family_arm_m3_Hwi_excHandlerFunc__C                  
20021718  ti_sysbios_family_arm_m3_Hwi_nullIsrFunc__C                     
2002171c  ti_sysbios_family_arm_m3_Hwi_priGroup__C                        
20021720  ti_sysbios_family_arm_m3_Hwi_swiDisable__C                      
20021724  ti_sysbios_family_arm_m3_Hwi_swiRestore__C                      
20021728  ti_sysbios_family_arm_m3_TaskSupport_stackAlignment__C          
2002172c  ti_sysbios_family_arm_m3_Timer_E_cannotSupport__C               
20021730  ti_sysbios_family_arm_m3_Timer_startupNeeded__C                 
20021734  ti_sysbios_gates_GateMutex_Instance_State_sem__O                
20021738  ti_sysbios_heaps_HeapMem_E_memory__C                            
2002173c  ti_sysbios_heaps_HeapMem_Module__gateObj__C                     
20021740  ti_sysbios_heaps_HeapMem_Object__count__C                       
20021744  ti_sysbios_heaps_HeapMem_primaryHeapBaseAddr__C                 
20021748  ti_sysbios_heaps_HeapMem_primaryHeapEndAddr__C                  
2002174c  ti_sysbios_heaps_HeapMem_reqAlign__C                            
20021750  ti_sysbios_knl_Clock_Module_State_clockQ__O                     
20021754  ti_sysbios_knl_Clock_tickPeriod__C                              
20021758  ti_sysbios_knl_Mailbox_Instance_State_dataQue__O                
2002175c  ti_sysbios_knl_Mailbox_Instance_State_dataSem__O                
20021760  ti_sysbios_knl_Mailbox_Instance_State_freeQue__O                
20021764  ti_sysbios_knl_Mailbox_Instance_State_freeSem__O                
20021768  ti_sysbios_knl_Mailbox_Object__count__C                         
2002176c  ti_sysbios_knl_Mailbox_maxTypeAlign__C                          
20021770  ti_sysbios_knl_Semaphore_Instance_State_pendQ__O                
20021774  ti_sysbios_knl_Swi_Object__count__C                             
20021778  ti_sysbios_knl_Task_Module_State_inactiveQ__O                   
2002177c  ti_sysbios_knl_Task_Object__count__C                            
20021780  ti_sysbios_knl_Task_Object__heap__C                             
20021784  ti_sysbios_knl_Task_allBlockedFunc__C                           
20021788  ti_sysbios_knl_Task_defaultStackHeap__C                         
2002178c  ti_sysbios_knl_Task_defaultStackSize__C                         
20021790  ti_sysbios_knl_Task_numConstructedTasks__C                      
20021794  xdc_runtime_Error_E_memory__C                                   
20021798  xdc_runtime_Error_policyFxn__C                                  
2002179c  xdc_runtime_IGateProvider_Interface__BASE__C                    
200217a0  xdc_runtime_IHeap_Interface__BASE__C                            
200217a4  xdc_runtime_IModule_Interface__BASE__C                          
200217a8  xdc_runtime_Memory_defaultHeapInstance__C                       
200217ac  xdc_runtime_Startup_execImpl__C                                 
200217b0  xdc_runtime_Startup_maxPasses__C                                
200217b4  xdc_runtime_Startup_sfxnRts__C                                  
200217b8  xdc_runtime_Startup_sfxnTab__C                                  
200217bc  xdc_runtime_SysCallback_abortFxn__C                             
200217c0  xdc_runtime_SysCallback_exitFxn__C                              
200217c4  xdc_runtime_SysCallback_putchFxn__C                             
200217c8  xdc_runtime_SysCallback_readyFxn__C                             
200217cc  xdc_runtime_System_Module__gateObj__C                           
200217d0  xdc_runtime_System_abortFxn__C                                  
200217d4  xdc_runtime_System_exitFxn__C                                   
200217d8  xdc_runtime_System_extendFxn__C                                 
200217dc  xdc_runtime_System_maxAtexitHandlers__C                         
200217e0  xdc_runtime_Memory_Module__id__C                                
200217e2  xdc_runtime_Error_policy__C                                     
200217e4  PowerCC32XX_module                                              
20021950  parkInfo                                                        
20021bb4  gpioPinConfigs                                                  
20021c38  ti_sysbios_knl_Swi_Module_State_0_readyQ__A                     
20021cb8  ti_sysbios_knl_Task_Module_State_0_readyQ__A                    
20021d38  SlNetIfConfigWifi                                               
20021df0  ti_sysbios_knl_Task_Object__table__V                            
20021e3c  ti_sysbios_knl_Task_Module__state__V                            
20021e80  ti_sysbios_gates_GateMutex_Object__table__V                     
20021eb8  ti_sysbios_family_arm_m3_Hwi_Module__state__V                   
20021eec  ti_sysbios_family_arm_m3_Timer_Object__table__V                 
20021f1c  ti_sysbios_knl_Swi_Object__table__V                             
20021f4c  ti_sysbios_knl_Clock_Module__state__V                           
20021f78  g_LibsEvents                                                    
20021f9c  g_UserEvents                                                    
20021fc0  ti_sysbios_BIOS_Module__state__V                                
20021fe4  xdc_runtime_Error_IgnoreBlock                                   
20022004  HTTP_METHOD_GET                                                 
20022008  HTTP_METHOD_POST                                                
2002200c  HTTP_METHOD_HEAD                                                
20022010  HTTP_METHOD_OPTIONS                                             
20022014  HTTP_METHOD_PUT                                                 
20022018  HTTP_METHOD_DELETE                                              
2002201c  HTTP_METHOD_CONNECT                                             
20022020  ti_sysbios_knl_Swi_Module__state__V                             
2002203c  g_fNetIfCB                                                      
20022040  g_ifId                                                          
20022054  ti_sysbios_family_arm_m3_Hwi_Object__table__V                   
2002206c  ti_sysbios_heaps_HeapMem_Object__table__V                       
20022084  ti_sysbios_family_arm_cc32xx_Seconds_Module__state__V           
200220a8  gGlobalLockCntRequested                                         
200220a9  gGlobalLockCntReleased                                          
200220aa  g_SlDeviceStatus                                                
200220ac  g_pCB                                                           
200220b0  pPingCallBackFunc                                               
200220c0  ti_sysbios_family_arm_m3_Timer_Module__state__V                 
200220cc  _lock                                                           
200220d0  _unlock                                                         
200220dc  httpThread                                                      
200220e0  spawn_thread                                                    
200220e4  ti_sysbios_family_arm_m3_Hwi_Module__root__V                    
200220ec  ti_sysbios_gates_GateHwi_Module__root__V                        
200220f4  ti_sysbios_gates_GateMutex_Module__root__V                      
200220fc  ti_sysbios_heaps_HeapMem_Module__root__V                        
20022104  ti_sysbios_knl_Clock_Module__root__V                            
2002210c  ti_sysbios_knl_Queue_Module__root__V                            
20022114  ti_sysbios_knl_Semaphore_Module__root__V                        
2002211c  ti_sysbios_knl_Task_Module__root__V                             
20022124  xdc_runtime_Startup_Module__state__V                            
2002212c  xdc_runtime_System_Module_State_0_atexitHandlers__A             
20022134  xdc_runtime_System_Module__state__V                             
2002213c  main_func_sp                                                    
20022140  g_intHandle                                                     
20022144  ti_sysbios_family_arm_m3_Hwi_Module_State_0_excContext__A       
20022148  ti_sysbios_family_arm_m3_Hwi_Module_State_0_excStack__A         
2002214c  ti_sysbios_family_arm_m3_TimestampProvider_Module__state__V     
20022150  ti_sysbios_gates_GateHwi_Object__table__V                       
20022154  ti_sysbios_knl_Task_Module_State_0_idleTask__A                  
20022158  ti_sysbios_rts_ti_ReentSupport_Module__state__V                 
2002215c  xdc_runtime_Memory_Module__state__V                             
20022162  ti_sysbios_family_arm_m3_Hwi_Module_State_0_excActive__A        
20022168  __TI_static_base__                                              
20022504  __TI_Handler_Table_Base                                         
20022510  __TI_Handler_Table_Limit                                        
20022520  __TI_CINIT_Base                                                 
20022538  __TI_CINIT_Limit                                                
e000e000  ti_sysbios_family_arm_m3_Hwi_nvic                               
ffffffff  __TI_pprof_out_hndl                                             
ffffffff  __TI_prof_data_size                                             
ffffffff  __TI_prof_data_start                                            
ffffffff  __binit__                                                       
ffffffff  __c_args__                                                      
ffffffff  binit                                                           
UNDEFED   ITM_flush                                                       
UNDEFED   ITM_restore                                                     
UNDEFED   SHT$$INIT_ARRAY$$Base                                           
UNDEFED   SHT$$INIT_ARRAY$$Limit                                          

[899 symbols]
